#
# A fatal error has been detected by the Java Runtime Environment:
#
#  EXCEPTION_ACCESS_VIOLATION (0xc0000005) at pc=0x00007ffdf78f3d19, pid=17052, tid=9180
#
# JRE version: OpenJDK Runtime Environment Microsoft-14670760 (25.0.4+7) (build 25.0.4+7-LTS)
# Java VM: OpenJDK 64-Bit Server VM Microsoft-14670760 (25.0.4+7-LTS, mixed mode, sharing, tiered, compressed oops, compressed class ptrs, g1 gc, windows-amd64)
# Problematic frame:
# C  [imgui-java64.dll+0x53d19]
#
# No core dump will be written. Minidumps are not enabled by default on client versions of Windows
#
# If you would like to submit a bug report, please visit:
#   https://github.com/microsoft/openjdk/issues
# The crash happened outside the Java Virtual Machine in native code.
# See problematic frame for where to report the bug.
#

---------------  S U M M A R Y ------------

Command Line: --enable-native-access=org.lwjgl,org.lwjgl.opengl,org.lwjgl.stb -Dorg.lwjgl.system.allocator=system -Xcheck:jni -javaagent:C:\Program Files\JetBrains\IntelliJ IDEA 2026.2.0.1\lib\idea_rt.jar=59700 -Dfile.encoding=UTF-8 -Dsun.stdout.encoding=UTF-8 -Dsun.stderr.encoding=UTF-8 --module-path=C:\Users\canay\.m2\repository\org\projectlombok\lombok\1.18.46\lombok-1.18.46.jar;C:\Users\canay\.m2\repository\org\lwjgl\lwjgl-opengl\3.4.2\lwjgl-opengl-3.4.2.jar;C:\Users\canay\.m2\repository\org\joml\joml\1.10.9\joml-1.10.9.jar;C:\Users\canay\Documents\Java\LWJGLEngine\engine-editor\target\classes;C:\Users\canay\.m2\repository\org\lwjgl\lwjgl-assimp\3.4.2\lwjgl-assimp-3.4.2.jar;C:\Users\canay\.m2\repository\org\lwjgl\lwjgl\3.4.2\lwjgl-3.4.2.jar;C:\Users\canay\.m2\repository\io\github\spair\imgui-java-binding\1.89.0\imgui-java-binding-1.89.0.jar;C:\Users\canay\.m2\repository\org\lwjgl\lwjgl-stb\3.4.2\lwjgl-stb-3.4.2.jar;C:\Users\canay\.m2\repository\org\lwjgl\lwjgl-glfw\3.4.2\lwjgl-glfw-3.4.2.jar;C:\Users\canay\Documents\Java\LWJGLEngine\engine-core\target\classes;C:\Users\canay\.m2\repository\io\github\spair\imgui-java-lwjgl3\1.89.0\imgui-java-lwjgl3-1.89.0.jar -Djdk.module.main=engine.editor engine.editor/editor.Editor

Host: 11th Gen Intel(R) Core(TM) i7-11800H @ 2.30GHz, 16 cores, 15G,  Windows 11 , 64 bit Build 26100 (10.0.26100.9168)
Time: Thu Aug 27 02:21:21 2026 Hora de verano romance elapsed time: 1.583974 seconds (0d 0h 0m 1s)

---------------  T H R E A D  ---------------

Current thread (0x00000238fb6c6e70):  JavaThread "main"             [_thread_in_native, id=9180, stack(0x000000a602900000,0x000000a602a00000) (1024K)]

Stack: [0x000000a602900000,0x000000a602a00000],  sp=0x000000a6029ff230,  free space=1020k
Native frames: (J=compiled Java code, j=interpreted, Vv=VM code, C=native code)
C  [imgui-java64.dll+0x53d19]  (no source info available)
C  [imgui-java64.dll+0x78672]  (no source info available)
C  0x000002388fead2b3  (no source info available)

The last pc belongs to native method entry point (kind = native) (printed below).
Java frames: (J=compiled Java code, j=interpreted, Vv=VM code)
j  imgui.ImGui.nBegin(Ljava/lang/String;)Z+0 imgui.binding@1.89.0
j  imgui.ImGui.begin(Ljava/lang/String;)Z+1 imgui.binding@1.89.0
j  core.renderer.DebugGui.beginFrame()V+23 engine.core
j  core.renderer.Renderer.beginFrame()V+30 engine.core
j  core.Engine.loop()V+174 engine.core
j  core.Engine.run()V+5 engine.core
j  editor.Editor.main()V+8 engine.editor
v  ~StubRoutines::call_stub 0x000002388fea12ed

siginfo: EXCEPTION_ACCESS_VIOLATION (0xc0000005), reading address 0x0000000000003f80


Registers:
RAX=0x0000000000000000, RBX=0x00000238fb6c72b8, RCX=0x00000238acdcf470, RDX=0x0000000000000000
RSP=0x000000a6029ff230, RBP=0x000000a6029ff5a0, RSI=0x000000a6029ff5c0, RDI=0x0000000000000000
R8 =0x0000000000000000, R9 =0x00007ffe921b1220, R10=0x00000238f9390000, R11=0xf1f1f1f1f1f1f1f1
R12=0x0000000000000000, R13=0x000002389cc47488, R14=0x000000a6029ff5c0, R15=0x00000238fb6c6e70
RIP=0x00007ffdf78f3d19, EFLAGS=0x0000000000010206

XMM[0]=0x0000000000000000 0xf1f1f1f1f1f1f1f1
XMM[1]=0x6975476d495f6975 0x676d695f6176614a
XMM[2]=0x325f676e69727453 0x5f676e616c5f6176
XMM[3]=0x0000000000000000 0x0000000000000000
XMM[4]=0x2525252525252525 0x2525252525252525
XMM[5]=0x76616a4c5f5f6e69 0x6765426e5f697547
XMM[6]=0x0000000000000000 0x0000000000000000
XMM[7]=0x0000000000000000 0x0000000000000000
XMM[8]=0x0000000000000000 0x0000000000000000
XMM[9]=0x0000000000000000 0x0000000000000075
XMM[10]=0x0000000000000000 0x0000000000000061
XMM[11]=0x0000000000000000 0x0000000000000000
XMM[12]=0x0000000000000000 0x0000000000000000
XMM[13]=0x0000000000000000 0x0000000000000000
XMM[14]=0x0000000000000000 0x0000000711378618
XMM[15]=0x0000000000000000 0x0000000000000000
  MXCSR=0x00001fa0


Register to memory mapping:

RAX=0x0 is null
RBX=0x00000238fb6c72b8 points into unknown readable memory: 0x00000238a3e051b0 | b0 51 e0 a3 38 02 00 00
RCX=0x00000238acdcf470 points into unknown readable memory: 0xabab007374617453 | 53 74 61 74 73 00 ab ab
RDX=0x0 is null
RSP=0x000000a6029ff230 is pointing into the stack for thread: 0x00000238fb6c6e70
RBP=0x000000a6029ff5a0 is pointing into the stack for thread: 0x00000238fb6c6e70
RSI=0x000000a6029ff5c0 is pointing into the stack for thread: 0x00000238fb6c6e70
RDI=0x0 is null
R8 =0x0 is null
R9 =0x00007ffe921b1220 VCRUNTIME140.dll
R10=0x00000238f9390000 points into unknown readable memory: 0x0000000000000000 | 00 00 00 00 00 00 00 00
R11=0xf1f1f1f1f1f1f1f1 is an unknown value
R12=0x0 is null
R13={method} {0x000002389cc47490} 'nBegin' '(Ljava/lang/String;)Z' in 'imgui/ImGui'
R14=0x000000a6029ff5c0 is pointing into the stack for thread: 0x00000238fb6c6e70
R15=0x00000238fb6c6e70 is a thread

Top of Stack: (sp=0x000000a6029ff230)
0x000000a6029ff230:   00000238f939003b 00000238fb6c7680   ;.9.8....vl.8...
0x000000a6029ff240:   00000238fb6c6e70 000000a6029ff3f0   pnl.8...........
0x000000a6029ff250:   00007ffe2d405cf0 0000000000000000   .\@-............
0x000000a6029ff260:   0000023800000017 0000000000000000   ....8...........
0x000000a6029ff270:   0000000000000000 0000000000000000   ................
0x000000a6029ff280:   0000000000000000 00000238f9290000   ..........).8...
0x000000a6029ff290:   0000000000000017 0000000000000030   ........0.......
0x000000a6029ff2a0:   6d695f6176614a00 00000238f9290000   .Java_im..).8...
0x000000a6029ff2b0:   6e696765426e5f69 00007ffe2cbd2a00   i_nBegin.*.,....
0x000000a6029ff2c0:   00000000000000b8 000000a6029ff400   ................
0x000000a6029ff2d0:   000002389cff5bd0 0000000000000008   .[..8...........
0x000000a6029ff2e0:   00007ffe2d405cf0 00007f0000000000   .\@-............
0x000000a6029ff2f0:   0000023800000015 0000000000000000   ....8...........
0x000000a6029ff300:   0000000000000000 0000000000000000   ................
0x000000a6029ff310:   0000000000000000 00005e77ac045272   ........rR..w^..
0x000000a6029ff320:   0000000000000006 0000000000000000   ................
0x000000a6029ff330:   000002389cc47488 00005e77ac045192   .t..8....Q..w^..
0x000000a6029ff340:   00000238fb6c6e70 00000238a0c0d220   pnl.8... ...8...
0x000000a6029ff350:   0000000048124812 0000000000000000   .H.H............
0x000000a6029ff360:   00007ffea0a498b0 0000000000000009   ................
0x000000a6029ff370:   0000000000000046 00007ffea09150d9   F........P......
0x000000a6029ff380:   0000000000000001 00007ffe2d076632   ........2f.-....
0x000000a6029ff390:   0000000000000006 00000238fb6c7630   ........0vl.8...
0x000000a6029ff3a0:   0000000000000046 00007ffe2d076632   F.......2f.-....
0x000000a6029ff3b0:   0000000000000046 00007ffe2c9c9a96   F..........,....
0x000000a6029ff3c0:   0000000000000001 0000000000000006   ................
0x000000a6029ff3d0:   0000000000000006 00007ffe2d07658d   .........e.-....
0x000000a6029ff3e0:   0000000000000046 0000000000000009   F...............
0x000000a6029ff3f0:   0000000000000000 0000000000000000   ................
0x000000a6029ff400:   0000000000000000 0000000000000000   ................
0x000000a6029ff410:   0000000000000000 0000000000000000   ................
0x000000a6029ff420:   0000000000000075 0000000000000000   u...............

Instructions: (pc=0x00007ffdf78f3d19)
  0x00007ffdf78f3c19:   a8 f8 00 00 00 01 48 8b 15 e2 5b 58 00 ff 15 c4
  0x00007ffdf78f3c29:   95 4b 00 48 89 bb 30 01 00 00 48 63 83 28 01 00
  0x00007ffdf78f3c39:   00 89 ab 2c 01 00 00 e9 43 ff ff ff 0f 1f 00 89
  0x00007ffdf78f3c49:   c2 c1 ea 1f 01 c2 d1 fa 01 c2 39 ca 0f 4d ca 89
  0x00007ffdf78f3c59:   cd 39 c8 0f 8d 1f ff ff ff e9 50 ff ff ff 66 0f
  0x00007ffdf78f3c69:   1f 84 00 00 00 00 00 41 57 41 56 41 55 41 54 55
  0x00007ffdf78f3c79:   57 56 53 48 81 ec 68 02 00 00 0f 11 b4 24 c0 01
  0x00007ffdf78f3c89:   00 00 0f 11 bc 24 d0 01 00 00 44 0f 11 84 24 e0
  0x00007ffdf78f3c99:   01 00 00 44 0f 11 8c 24 f0 01 00 00 44 0f 11 94
  0x00007ffdf78f3ca9:   24 00 02 00 00 44 0f 11 9c 24 10 02 00 00 44 0f
  0x00007ffdf78f3cb9:   11 a4 24 20 02 00 00 44 0f 11 ac 24 30 02 00 00
  0x00007ffdf78f3cc9:   44 0f 11 b4 24 40 02 00 00 44 0f 11 bc 24 50 02
  0x00007ffdf78f3cd9:   00 00 48 8b 05 86 5a 58 00 48 89 8c 24 b0 02 00
  0x00007ffdf78f3ce9:   00 44 89 c7 48 89 94 24 b8 02 00 00 48 89 44 24
  0x00007ffdf78f3cf9:   48 48 85 c9 0f 84 ad 39 00 00 48 8b 84 24 b0 02
  0x00007ffdf78f3d09:   00 00 80 38 00 0f 84 c4 01 00 00 48 8b 44 24 48
=>0x00007ffdf78f3d19:   80 b8 80 3f 00 00 00 0f 84 2a 14 00 00 48 8b 44
  0x00007ffdf78f3d29:   24 48 8b b0 70 3f 00 00 39 b0 74 3f 00 00 0f 84
  0x00007ffdf78f3d39:   c3 15 00 00 48 8b 8c 24 b0 02 00 00 e8 c6 83 fd
  0x00007ffdf78f3d49:   ff 48 85 c0 48 89 44 24 70 48 89 c3 0f 94 44 24
  0x00007ffdf78f3d59:   67 0f 84 80 39 00 00 89 fa 89 f8 f7 d2 83 c8 06
  0x00007ffdf78f3d69:   81 e2 00 02 0c 00 0f 44 f8 f7 c7 00 00 80 00 74
  0x00007ffdf78f3d79:   0c f7 c7 00 00 00 01 0f 84 7a 16 00 00 48 8b 4c
  0x00007ffdf78f3d89:   24 48 44 8b b3 98 02 00 00 31 c0 44 8b b9 e8 3f
  0x00007ffdf78f3d99:   00 00 44 8b a9 70 3f 00 00 45 85 ff 0f 84 1d 01
  0x00007ffdf78f3da9:   00 00 88 83 f3 00 00 00 41 8d 45 ff 41 39 c6 0f
  0x00007ffdf78f3db9:   9c 44 24 66 f7 c7 00 00 00 04 0f 85 07 13 00 00
  0x00007ffdf78f3dc9:   0f b6 ab f1 00 00 00 45 39 ee 0f 85 17 02 00 00
  0x00007ffdf78f3dd9:   8b 7b 14 48 83 bb 48 04 00 00 00 74 32 48 83 bb
  0x00007ffdf78f3de9:   50 04 00 00 00 74 28 e8 ab 88 1a 00 84 c0 0f 85
  0x00007ffdf78f3df9:   63 3c 00 00 48 83 bb 48 04 00 00 00 74 11 48 83
  0x00007ffdf78f3e09:   bb 50 04 00 00 00 0f 85 d5 57 00 00 0f 1f 00 48


Stack slot to memory mapping:

stack at sp + 0 slots: 0x00000238f939003b points into unknown readable memory: 00 7b 20 00 00
stack at sp + 1 slots: 0x00000238fb6c7680 points into unknown readable memory: 0x5f6176616a4c5f5f | 5f 5f 4c 6a 61 76 61 5f
stack at sp + 2 slots: 0x00000238fb6c6e70 is a thread
stack at sp + 3 slots: 0x000000a6029ff3f0 is pointing into the stack for thread: 0x00000238fb6c6e70
stack at sp + 4 slots: 0x00007ffe2d405cf0 jvm.dll
stack at sp + 5 slots: 0x0 is null
stack at sp + 6 slots: 0x0000023800000017 is an unknown value
stack at sp + 7 slots: 0x0 is null

Lock stack of current Java thread (top to bottom):

native method entry point (kind = native)  [0x000002388feacee0, 0x000002388feadaf0]  3088 bytes
[MachCode]
  0x000002388feacee0: 488b 4b08 | 0fb7 492e | 584c 8d74 | ccf8 6800 | 0000 0068 | 0000 0000 | 5055 488b | ec41 5548 
  0x000002388feacf00: 8b43 084c | 8d68 3848 | 8b40 0868 | 0000 0000 | 5348 8b50 | 1848 8b52 | 7048 8b12 | 5248 8b53 
  0x000002388feacf20: 1048 85d2 | 7407 4881 | c2d0 0000 | 0052 488b | 5010 5249 | 8bc6 482b | c548 c1e8 | 0350 6800 
  0x000002388feacf40: 0000 0068 | f7ff ffff | 41c6 87f1 | 0400 0001 | 488b 4310 | 4885 c074 | 208b 8890 | 0000 0083 
  0x000002388feacf60: c102 8988 | 9000 0000 | 2388 a400 | 0000 0f84 | c80a 0000 | e9cf 0000 | 0048 8b43 | 1848 85c0 
  0x000002388feacf80: 0f85 b000 | 0000 e805 | 0000 00e9 | 9900 0000 | 488b d348 | 8d44 2408 | 4c89 6dc0 | 498b cfc5 
  0x000002388feacfa0: f877 4989 | af38 0400 | 0049 8987 | 2804 0000 | 4883 ec20 | 40f6 c40f | 0f84 1900 | 0000 4883 
  0x000002388feacfc0: ec08 48b8 | f0d4 d42c | fe7f 0000 | ffd0 4883 | c408 e90c | 0000 0048 | b8f0 d4d4 | 2cfe 7f00 
  0x000002388feacfe0: 00ff d048 | 83c4 2049 | c787 2804 | 0000 0000 | 0000 49c7 | 8738 0400 | 0000 0000 | 0049 c787 
  0x000002388fead000: 3004 0000 | 0000 0000 | c5f8 7749 | 837f 0800 | 0f84 0500 | 0000 e9c5 | 41ff ff4c | 8b6d c04c 
  0x000002388fead020: 8b75 c84e | 8d74 f500 | c348 8b43 | 1848 85c0 | 0f84 1200 | 0000 8b48 | 0883 c102 | 8948 0823 
  0x000002388fead040: 482c 0f84 | f409 0000 | 493b a770 | 0500 000f | 8748 0000 | 0089 8424 | 00f0 ffff | 8984 2400 
  0x000002388fead060: e0ff ff89 | 8424 00d0 | ffff 8984 | 2400 c0ff | ff89 8424 | 00b0 ffff | 8984 2400 | a0ff ff89 
  0x000002388fead080: 8424 0090 | ffff 8984 | 2400 80ff | ff49 3ba7 | 6805 0000 | 7607 4989 | a770 0500 | 0041 c687 
  0x000002388fead0a0: f104 0000 | 0048 8b5d | e84c 8b5b | 0845 0fb7 | 5b2e 41c1 | e303 492b | e348 83ec | 2048 83e4 
  0x000002388fead0c0: f04c 8b5b | 604d 85db | 0f85 ab00 | 0000 e805 | 0000 00e9 | 9900 0000 | 488b d348 | 8d44 2408 
  0x000002388fead0e0: 4c89 6dc0 | 498b cfc5 | f877 4989 | af38 0400 | 0049 8987 | 2804 0000 | 4883 ec20 | 40f6 c40f 
  0x000002388fead100: 0f84 1900 | 0000 4883 | ec08 48b8 | e0fd d42c | fe7f 0000 | ffd0 4883 | c408 e90c | 0000 0048 
  0x000002388fead120: b8e0 fdd4 | 2cfe 7f00 | 00ff d048 | 83c4 2049 | c787 2804 | 0000 0000 | 0000 49c7 | 8738 0400 
  0x000002388fead140: 0000 0000 | 0049 c787 | 3004 0000 | 0000 0000 | c5f8 7749 | 837f 0800 | 0f84 0500 | 0000 e97d 
  0x000002388fead160: 40ff ff4c | 8b6d c04c | 8b75 c84e | 8d74 f500 | c348 8b5d | e84c 8b5b | 6041 ffd3 | 488b 5de8 
  0x000002388fead180: 4889 4518 | 440f b75b | 2c41 f6c3 | 080f 841b | 0000 004c | 8b5b 084d | 8b5b 084d | 8b5b 184d 
  0x000002388fead1a0: 8b5b 704d | 8b1b 4c89 | 5d10 488d | 5510 488b | 4358 49ba | f004 102d | fe7f 0000 | 493b c20f 
  0x000002388fead1c0: 85ab 0000 | 00e8 0500 | 0000 e999 | 0000 0048 | 8bd3 488d | 4424 084c | 896d c049 | 8bcf c5f8 
  0x000002388fead1e0: 7749 89af | 3804 0000 | 4989 8728 | 0400 0048 | 83ec 2040 | f6c4 0f0f | 8419 0000 | 0048 83ec 
  0x000002388fead200: 0848 b8e0 | fdd4 2cfe | 7f00 00ff | d048 83c4 | 08e9 0c00 | 0000 48b8 | e0fd d42c | fe7f 0000 
  0x000002388fead220: ffd0 4883 | c420 49c7 | 8728 0400 | 0000 0000 | 0049 c787 | 3804 0000 | 0000 0000 | 49c7 8730 
  0x000002388fead240: 0400 0000 | 0000 00c5 | f877 4983 | 7f08 000f | 8405 0000 | 00e9 863f | ffff 4c8b | 6dc0 4c8b 
  0x000002388fead260: 75c8 4e8d | 74f5 00c3 | 488b 5de8 | 488b 4358 | 498d 8f48 | 0400 004c | 8d15 da00 | 0000 4d89 
  0x000002388fead280: 9730 0400 | 00c5 f877 | 4989 af38 | 0400 0049 | 89a7 2804 | 0000 41c7 | 87d4 0400 | 0004 0000 
  0x000002388fead2a0: 0049 3ba7 | c805 0000 | 7607 4989 | a7c8 0500 | 00ff d049 | 3ba7 c805 | 0000 720b | 49c7 87c8 
  0x000002388fead2c0: 0500 0000 | 0000 00e8 | 1d41 ffff | c5f8 7748 | 83ec 10c5 | fb11 0424 | 4883 ec10 | 4889 0424 
  0x000002388fead2e0: 48c7 4424 | 0800 0000 | 0041 c787 | d404 0000 | 0500 0000 | f083 4424 | c000 493b | 6f28 0f87 
  0x000002388fead300: 0e00 0000 | 4183 bfd0 | 0400 0000 | 0f84 2000 | 0000 498b | cf4c 8be4 | 4883 ec20 | 4883 e4f0 
  0x000002388fead320: 48b8 8067 | d62c fe7f | 0000 ffd0 | 498b e44d | 33e4 41c7 | 87d4 0400 | 0008 0000 | 004d 8b97 
  0x000002388fead340: f005 0000 | 4983 fa00 | 7435 49c7 | 87f0 0500 | 0000 0000 | 0041 ffe2 | 49ba 60be | ea8f 3802 
  0x000002388fead360: 0000 41ff | d248 83ec | 10c5 fb11 | 0424 4883 | ec10 4889 | 0424 48c7 | 4424 0800 | 0000 0049 
  0x000002388fead380: c787 2804 | 0000 0000 | 0000 49c7 | 8738 0400 | 0000 0000 | 0049 c787 | 3004 0000 | 0000 0000 
  0x000002388fead3a0: c5f8 7749 | c787 a805 | 0000 0000 | 0000 4d8b | 9fb8 0400 | 0041 c783 | 0001 0000 | 0000 0000 
  0x000002388fead3c0: 49bb 5aa7 | ea8f 3802 | 0000 4c3b | 5d18 0f85 | 5b02 0000 | 488b 0424 | 4883 c410 | 4885 c00f 
  0x000002388fead3e0: 8435 0200 | 00a8 030f | 8508 0000 | 0048 8b00 | e925 0200 | 00a8 010f | 8509 0000 | 0048 8b40 
  0x000002388fead400: fee9 1402 | 0000 488b | 40ff 4180 | 7f48 000f | 8405 0200 | 0048 83f8 | 000f 84fb | 0100 004d 
  0x000002388fead420: 8b5f 384d | 85db 0f84 | 1400 0000 | 4983 eb08 | 4d89 5f38 | 4d03 5f40 | 4989 03e9 | da01 0000 
  0x000002388fead440: 4881 ecf0 | 0000 0048 | 8904 2448 | 894c 2408 | 4889 5424 | 104c 8944 | 2418 4c89 | 4c24 204c 
  0x000002388fead460: 8954 2428 | 4c89 5c24 | 30c5 fb11 | 4424 40c5 | fb11 4c24 | 48c5 fb11 | 5424 50c5 | fb11 5c24 
  0x000002388fead480: 58c5 fb11 | 6424 60c5 | fb11 6c24 | 6862 e1ff | 0811 4424 | 0e62 e1ff | 0811 4c24 | 0f62 e1ff 
  0x000002388fead4a0: 0811 5424 | 1062 e1ff | 0811 5c24 | 1162 e1ff | 0811 6424 | 1262 e1ff | 0811 6c24 | 1362 e1ff 
  0x000002388fead4c0: 0811 7424 | 1462 e1ff | 0811 7c24 | 1562 61ff | 0811 4424 | 1662 61ff | 0811 4c24 | 1762 61ff 
  0x000002388fead4e0: 0811 5424 | 1862 61ff | 0811 5c24 | 1962 61ff | 0811 6424 | 1a62 61ff | 0811 6c24 | 1b62 61ff 
  0x000002388fead500: 0811 7424 | 1c62 61ff | 0811 7c24 | 1d49 8bd7 | 488b c848 | 83ec 2040 | f6c4 0f0f | 8419 0000 
  0x000002388fead520: 0048 83ec | 0848 b8e0 | 0fc9 2cfe | 7f00 00ff | d048 83c4 | 08e9 0c00 | 0000 48b8 | e00f c92c 
  0x000002388fead540: fe7f 0000 | ffd0 4883 | c420 6261 | ff08 107c | 241d 6261 | ff08 1074 | 241c 6261 | ff08 106c 
  0x000002388fead560: 241b 6261 | ff08 1064 | 241a 6261 | ff08 105c | 2419 6261 | ff08 1054 | 2418 6261 | ff08 104c 
  0x000002388fead580: 2417 6261 | ff08 1044 | 2416 62e1 | ff08 107c | 2415 62e1 | ff08 1074 | 2414 62e1 | ff08 106c 
  0x000002388fead5a0: 2413 62e1 | ff08 1064 | 2412 62e1 | ff08 105c | 2411 62e1 | ff08 1054 | 2410 62e1 | ff08 104c 
  0x000002388fead5c0: 240f 62e1 | ff08 1044 | 240e c5fb | 106c 2468 | c5fb 1064 | 2460 c5fb | 105c 2458 | c5fb 1054 
  0x000002388fead5e0: 2450 c5fb | 104c 2448 | c5fb 1044 | 2440 4c8b | 5c24 304c | 8b54 2428 | 4c8b 4c24 | 204c 8b44 
  0x000002388fead600: 2418 488b | 5424 1048 | 8b4c 2408 | 488b 0424 | 4881 c4f0 | 0000 00c5 | f877 4889 | 4510 4883 
  0x000002388fead620: ec10 4889 | 0424 48c7 | 4424 0800 | 0000 0041 | 83bf 5005 | 0000 020f | 85bf 0000 | 0048 81ec 
  0x000002388fead640: 8000 0000 | 4889 4424 | 7848 894c | 2470 4889 | 5424 6848 | 895c 2460 | 4889 6c24 | 5048 8974 
  0x000002388fead660: 2448 4889 | 7c24 404c | 8944 2438 | 4c89 4c24 | 304c 8954 | 2428 4c89 | 5c24 204c | 8964 2418 
  0x000002388fead680: 4c89 6c24 | 104c 8974 | 2408 4c89 | 3c24 4c8b | e448 83ec | 2048 83e4 | f048 b800 | ec0f 2dfe 
  0x000002388fead6a0: 7f00 00ff | d049 8be4 | 4c8b 3c24 | 4c8b 7424 | 084c 8b6c | 2410 4c8b | 6424 184c | 8b5c 2420 
  0x000002388fead6c0: 4c8b 5424 | 284c 8b4c | 2430 4c8b | 4424 3848 | 8b7c 2440 | 488b 7424 | 4848 8b6c | 2450 488b 
  0x000002388fead6e0: 5c24 6048 | 8b54 2468 | 488b 4c24 | 7048 8b44 | 2478 4881 | c480 0000 | 004d 33e4 | 488b 5de8 
  0x000002388fead700: 4c8b 6b08 | 4d8d 6d38 | 4983 7f08 | 000f 84bb | 0000 00e8 | 0500 0000 | e996 0000 | 0048 8d44 
  0x000002388fead720: 2408 4c89 | 6dc0 498b | cfc5 f877 | 4989 af38 | 0400 0049 | 8987 2804 | 0000 4883 | ec20 40f6 
  0x000002388fead740: c40f 0f84 | 1900 0000 | 4883 ec08 | 48b8 101c | d52c fe7f | 0000 ffd0 | 4883 c408 | e90c 0000 
  0x000002388fead760: 0048 b810 | 1cd5 2cfe | 7f00 00ff | d048 83c4 | 2049 c787 | 2804 0000 | 0000 0000 | 49c7 8738 
  0x000002388fead780: 0400 0000 | 0000 0049 | c787 3004 | 0000 0000 | 0000 c5f8 | 7749 837f | 0800 0f84 | 0500 0000 
  0x000002388fead7a0: e93b 3aff | ff4c 8b6d | c04c 8b75 | c84e 8d74 | f500 c348 | b990 f141 | 2dfe 7f00 | 0048 83e4 
  0x000002388fead7c0: f048 b880 | 59fc 2cfe | 7f00 00ff | d0f4 440f | b75b 2c41 | f6c3 200f | 8472 0100 | 0048 8d55 
  0x000002388fead7e0: a84c 8b5a | 084d 85db | 0f85 bb00 | 0000 e805 | 0000 00e9 | 9600 0000 | 488d 4424 | 084c 896d 
  0x000002388fead800: c049 8bcf | c5f8 7749 | 89af 3804 | 0000 4989 | 8728 0400 | 0048 83ec | 2040 f6c4 | 0f0f 8419 
  0x000002388fead820: 0000 0048 | 83ec 0848 | b840 1bd5 | 2cfe 7f00 | 00ff d048 | 83c4 08e9 | 0c00 0000 | 48b8 401b 
  0x000002388fead840: d52c fe7f | 0000 ffd0 | 4883 c420 | 49c7 8728 | 0400 0000 | 0000 0049 | c787 3804 | 0000 0000 
  0x000002388fead860: 0000 49c7 | 8730 0400 | 0000 0000 | 00c5 f877 | 4983 7f08 | 000f 8405 | 0000 00e9 | 6039 ffff 
  0x000002388fead880: 4c8b 6dc0 | 4c8b 75c8 | 4e8d 74f5 | 00c3 48b9 | 90f1 412d | fe7f 0000 | 4883 e4f0 | 48b8 8059 
  0x000002388fead8a0: fc2c fe7f | 0000 ffd0 | f44c 896d | c04c 8b4a | 0848 c742 | 0800 0000 | 0045 8b87 | d806 0000 
  0x000002388fead8c0: 4f3b 4c07 | f80f 8542 | 0000 0041 | 83af d806 | 0000 084f | 3b4c 07f0 | 0f84 2a00 | 0000 498b 
  0x000002388fead8e0: 01a8 020f | 8512 0000 | 004c 8bc0 | 4983 c801 | f04d 0fb1 | 010f 840d | 0000 0041 | 8387 d806 
  0x000002388fead900: 0000 08e9 | 0500 0000 | e93e 0000 | 004c 894a | 0848 8bca | 4883 ec20 | 40f6 c40f | 0f84 1900 
  0x000002388fead920: 0000 4883 | ec08 48b8 | d0ed d42c | fe7f 0000 | ffd0 4883 | c408 e90c | 0000 0048 | b8d0 edd4 
  0x000002388fead940: 2cfe 7f00 | 00ff d048 | 83c4 204c | 8b6d c041 | c687 9603 | 0000 0149 | 3b6f 280f | 8705 0000 
  0x000002388fead960: 00e9 ab00 | 0000 4883 | ec10 c5fb | 1104 2448 | 83ec 1048 | 8904 2448 | c744 2408 | 0000 0000 
  0x000002388fead980: c5f8 7749 | 89af 3804 | 0000 49ba | 80d9 ea8f | 3802 0000 | 4d89 9730 | 0400 0049 | 89a7 2804 
  0x000002388fead9a0: 0000 498b | cf48 83ec | 2040 f6c4 | 0f0f 8419 | 0000 0048 | 83ec 0848 | b880 d4d4 | 2cfe 7f00 
  0x000002388fead9c0: 00ff d048 | 83c4 08e9 | 0c00 0000 | 48b8 80d4 | d42c fe7f | 0000 ffd0 | 4883 c420 | 49c7 8728 
  0x000002388fead9e0: 0400 0000 | 0000 0049 | c787 3804 | 0000 0000 | 0000 49c7 | 8730 0400 | 0000 0000 | 00c5 f877 
  0x000002388feada00: 488b 0424 | 4883 c410 | c5fb 1004 | 2448 83c4 | 1048 8b04 | 2448 83c4 | 10c5 fb10 | 0424 4883 
  0x000002388feada20: c410 4c8b | 5d18 41ff | d34c 8b5d | f8c9 41c6 | 8796 0300 | 0000 5f49 | 8be3 ffe7 | ba00 0000 
  0x000002388feada40: 00e8 0500 | 0000 e996 | 0000 0048 | 8d44 2408 | 4c89 6dc0 | 498b cfc5 | f877 4989 | af38 0400 
  0x000002388feada60: 0049 8987 | 2804 0000 | 4883 ec20 | 40f6 c40f | 0f84 1900 | 0000 4883 | ec08 48b8 | e0e3 d42c 
  0x000002388feada80: fe7f 0000 | ffd0 4883 | c408 e90c | 0000 0048 | b8e0 e3d4 | 2cfe 7f00 | 00ff d048 | 83c4 2049 
  0x000002388feadaa0: c787 2804 | 0000 0000 | 0000 49c7 | 8738 0400 | 0000 0000 | 0049 c787 | 3004 0000 | 0000 0000 
  0x000002388feadac0: c5f8 7749 | 837f 0800 | 0f84 0500 | 0000 e90d | 37ff ff4c | 8b6d c04c | 8b75 c84e | 8d74 f500 
  0x000002388feadae0: c348 8b5d | e8e9 5ef5 | ffff 660f | 1f44 0000 
[/MachCode]

---------------  P R O C E S S  ---------------

Threads class SMR info:
_java_thread_list=0x00000238ac94cfc0, length=21, elements={
0x00000238fb6c6e70, 0x00000238fd37cf80, 0x00000238fd37d890, 0x00000238fd380f90,
0x00000238fd384cb0, 0x00000238fd386090, 0x00000238fd3894c0, 0x00000238fd38a7c0,
0x000002389bb71900, 0x000002389bc7e270, 0x000002389bb72920, 0x000002389bb74150,
0x000002389bb708e0, 0x00000238a0635210, 0x00000238a0656200, 0x00000238a0b57270,
0x00000238a0b46e10, 0x00000238a0e11450, 0x00000238a0df34d0, 0x00000238a067fab0,
0x00000238a067c240
}

Java Threads: ( => current thread )
=>0x00000238fb6c6e70 JavaThread "main"                              [_thread_in_native, id=9180, stack(0x000000a602900000,0x000000a602a00000) (1024K)]
  0x00000238fd37cf80 JavaThread "Reference Handler"          daemon [_thread_blocked, id=21440, stack(0x000000a603100000,0x000000a603200000) (1024K)]
  0x00000238fd37d890 JavaThread "Finalizer"                  daemon [_thread_blocked, id=16980, stack(0x000000a603200000,0x000000a603300000) (1024K)]
  0x00000238fd380f90 JavaThread "Signal Dispatcher"          daemon [_thread_blocked, id=9832, stack(0x000000a603300000,0x000000a603400000) (1024K)]
  0x00000238fd384cb0 JavaThread "Attach Listener"            daemon [_thread_blocked, id=20520, stack(0x000000a603400000,0x000000a603500000) (1024K)]
  0x00000238fd386090 JavaThread "Service Thread"             daemon [_thread_blocked, id=5124, stack(0x000000a603500000,0x000000a603600000) (1024K)]
  0x00000238fd3894c0 JavaThread "Monitor Deflation Thread"   daemon [_thread_blocked, id=13364, stack(0x000000a603600000,0x000000a603700000) (1024K)]
  0x00000238fd38a7c0 JavaThread "C2 CompilerThread0"         daemon [_thread_blocked, id=22000, stack(0x000000a603700000,0x000000a603800000) (1024K)]
  0x000002389bb71900 JavaThread "C1 CompilerThread0"         daemon [_thread_blocked, id=8256, stack(0x000000a603800000,0x000000a603900000) (1024K)]
  0x000002389bc7e270 JavaThread "Common-Cleaner"             daemon [_thread_blocked, id=18480, stack(0x000000a603900000,0x000000a603a00000) (1024K)]
  0x000002389bb72920 JavaThread "C1 CompilerThread1"         daemon [_thread_blocked, id=12500, stack(0x000000a603a00000,0x000000a603b00000) (1024K)]
  0x000002389bb74150 JavaThread "C1 CompilerThread2"         daemon [_thread_blocked, id=12764, stack(0x000000a603b00000,0x000000a603c00000) (1024K)]
  0x000002389bb708e0 JavaThread "C1 CompilerThread3"         daemon [_thread_blocked, id=13544, stack(0x000000a603c00000,0x000000a603d00000) (1024K)]
  0x00000238a0635210 JavaThread "Monitor Ctrl-Break"         daemon [_thread_in_native, id=10792, stack(0x000000a603f00000,0x000000a604000000) (1024K)]
  0x00000238a0656200 JavaThread "Notification Thread"        daemon [_thread_blocked, id=18756, stack(0x000000a604000000,0x000000a604100000) (1024K)]
  0x00000238a0b57270 JavaThread "RMI TCP Accept-0"           daemon [_thread_in_native, id=17604, stack(0x000000a604300000,0x000000a604400000) (1024K)]
  0x00000238a0b46e10 JavaThread "RMI TCP Connection(1)-192.168.1.136" daemon [_thread_in_native, id=13824, stack(0x000000a604400000,0x000000a604500000) (1024K)]
  0x00000238a0e11450 JavaThread "RMI Scheduler(0)"           daemon [_thread_blocked, id=8332, stack(0x000000a604500000,0x000000a604600000) (1024K)]
  0x00000238a0df34d0 JavaThread "JMX server connection timeout 40" daemon [_thread_blocked, id=15744, stack(0x000000a604600000,0x000000a604700000) (1024K)]
  0x00000238a067fab0 JavaThread "C2 CompilerThread1"         daemon [_thread_blocked, id=6968, stack(0x000000a603d00000,0x000000a603e00000) (1024K)]
  0x00000238a067c240 JavaThread "C2 CompilerThread2"         daemon [_thread_blocked, id=1740, stack(0x000000a605300000,0x000000a605400000) (1024K)]
Total: 21

Other Threads:
  0x00000238fd36da30 VMThread "VM Thread"                           [id=18648, stack(0x000000a603000000,0x000000a603100000) (1024K)]
  0x00000238fd360e70 WatcherThread "VM Periodic Task Thread"        [id=11760, stack(0x000000a602f00000,0x000000a603000000) (1024K)]
  0x00000238fb734690 WorkerThread "GC Thread#0"                     [id=10936, stack(0x000000a602a00000,0x000000a602b00000) (1024K)]
  0x00000238a3b1f190 WorkerThread "GC Thread#1"                     [id=22176, stack(0x000000a603e00000,0x000000a603f00000) (1024K)]
  0x00000238a3b1cf10 WorkerThread "GC Thread#2"                     [id=13652, stack(0x000000a604100000,0x000000a604200000) (1024K)]
  0x00000238a3b20fc0 WorkerThread "GC Thread#3"                     [id=11292, stack(0x000000a604200000,0x000000a604300000) (1024K)]
  0x00000238a3b21860 WorkerThread "GC Thread#4"                     [id=18696, stack(0x000000a604e00000,0x000000a604f00000) (1024K)]
  0x00000238a3b21410 WorkerThread "GC Thread#5"                     [id=14528, stack(0x000000a604f00000,0x000000a605000000) (1024K)]
  0x00000238a3b21cb0 WorkerThread "GC Thread#6"                     [id=10428, stack(0x000000a605000000,0x000000a605100000) (1024K)]
  0x00000238a3b22100 WorkerThread "GC Thread#7"                     [id=3716, stack(0x000000a605100000,0x000000a605200000) (1024K)]
  0x00000238a3b1e4a0 WorkerThread "GC Thread#8"                     [id=5620, stack(0x000000a605200000,0x000000a605300000) (1024K)]
  0x00000238fd1e3390 ConcurrentGCThread "G1 Main Marker"            [id=11992, stack(0x000000a602b00000,0x000000a602c00000) (1024K)]
  0x00000238fb749400 WorkerThread "G1 Conc#0"                       [id=1132, stack(0x000000a602c00000,0x000000a602d00000) (1024K)]
  0x00000238fd22b440 ConcurrentGCThread "G1 Refine#0"               [id=8436, stack(0x000000a602d00000,0x000000a602e00000) (1024K)]
  0x00000238fd22de60 ConcurrentGCThread "G1 Service"                [id=20816, stack(0x000000a602e00000,0x000000a602f00000) (1024K)]
Total: 15

Threads with active compile tasks:
Total: 0

VM state: not at safepoint (normal execution)

VM Mutex/Monitor currently owned by a thread: None

Heap address: 0x0000000704400000, size: 4028 MB, Compressed Oops mode: Zero based, Oop shift amount: 3

CDS archive(s) mapped at: [0x0000000094000000-0x0000000094db0000-0x0000000094db0000), size 14352384, SharedBaseAddress: 0x0000000094000000, ArchiveRelocationMode: 1.
Compressed class space mapped at: 0x0000000095000000-0x00000000d5000000, reserved size: 1073741824
UseCompressedClassPointers 1, UseCompactObjectHeaders 0
Narrow klass pointer bits 32, Max shift 3
Narrow klass base: 0x0000000094000000, Narrow klass shift: 0
Encoding Range: [0x0000000094000000 - 0x0000000194000000), (4294967296 bytes)
Klass Range:    [0x0000000094010000 - 0x00000000d5000000), (1090453504 bytes)
Klass ID Range:  [65536 - 1090519033) (1090453497)
Protection zone: [0x0000000094000000 - 0x0000000094010000), (65536 bytes)

GC Precious Log:
 CardTable entry size: 512
 Card Set container configuration: InlinePtr #cards 4 size 8 Array Of Cards #cards 16 size 48 Howl #buckets 8 coarsen threshold 3686 Howl Bitmap #cards 512 size 80 coarsen threshold 460 Card regions per heap region 1 cards per card region 4096
 CPUs: 16 total, 16 available
 Memory: 16106M
 Large Page Support: Disabled
 NUMA Support: Disabled
 Compressed Oops: Enabled (Zero based)
 Heap Region Size: 2M
 Heap Min Capacity: 8M
 Heap Initial Capacity: 252M
 Heap Max Capacity: 4028M
 Pre-touch: Disabled
 Parallel Workers: 13
 Concurrent Workers: 3
 Concurrent Refinement Workers: 13
 Periodic GC: Disabled
 G1 Time-Based Heap Sizing enabled (uncommit-only)
 Evaluation Interval: 60s, Uncommit Delay: 300s, Min Regions To Uncommit: 10

Heap:
 garbage-first heap   total reserved 4124672K, committed 260096K, used 70806K [0x0000000704400000, 0x0000000800000000)
  region size 2048K, 28 young (57344K), 2 survivors (4096K)

Heap Regions: E=young(eden), S=young(survivor), O=old, HS=humongous(starts), HC=humongous(continues), CS=collection set, F=free, TAMS=top-at-mark-start, PB=parsable bottom
|   0|0x0000000704400000, 0x0000000704600000, 0x0000000704600000|100%|HS|  |TAMS 0x0000000704400000| PB 0x0000000704400000| Complete |  0
|   1|0x0000000704600000, 0x0000000704800000, 0x0000000704800000|100%|HC|  |TAMS 0x0000000704600000| PB 0x0000000704600000| Complete |  0
|   2|0x0000000704800000, 0x0000000704a00000, 0x0000000704a00000|100%|HC|  |TAMS 0x0000000704800000| PB 0x0000000704800000| Complete |  0
|   3|0x0000000704a00000, 0x0000000704c00000, 0x0000000704c00000|100%|HS|  |TAMS 0x0000000704a00000| PB 0x0000000704a00000| Complete |  0
|   4|0x0000000704c00000, 0x0000000704e00000, 0x0000000704e00000|100%|HC|  |TAMS 0x0000000704c00000| PB 0x0000000704c00000| Complete |  0
|   5|0x0000000704e00000, 0x0000000705000000, 0x0000000705000000|100%|HC|  |TAMS 0x0000000704e00000| PB 0x0000000704e00000| Complete |  0
|   6|0x0000000705000000, 0x0000000705200000, 0x0000000705200000|100%|HC|  |TAMS 0x0000000705000000| PB 0x0000000705000000| Complete |  0
|   7|0x0000000705200000, 0x0000000705200000, 0x0000000705400000|  0%| F|  |TAMS 0x0000000705200000| PB 0x0000000705200000| Untracked |  0
|   8|0x0000000705400000, 0x0000000705400000, 0x0000000705600000|  0%| F|  |TAMS 0x0000000705400000| PB 0x0000000705400000| Untracked |  0
|   9|0x0000000705600000, 0x0000000705600000, 0x0000000705800000|  0%| F|  |TAMS 0x0000000705600000| PB 0x0000000705600000| Untracked |  0
|  10|0x0000000705800000, 0x0000000705800000, 0x0000000705a00000|  0%| F|  |TAMS 0x0000000705800000| PB 0x0000000705800000| Untracked |  0
|  11|0x0000000705a00000, 0x0000000705a00000, 0x0000000705c00000|  0%| F|  |TAMS 0x0000000705a00000| PB 0x0000000705a00000| Untracked |  0
|  12|0x0000000705c00000, 0x0000000705c00000, 0x0000000705e00000|  0%| F|  |TAMS 0x0000000705c00000| PB 0x0000000705c00000| Untracked |  0
|  13|0x0000000705e00000, 0x0000000705e00000, 0x0000000706000000|  0%| F|  |TAMS 0x0000000705e00000| PB 0x0000000705e00000| Untracked |  0
|  14|0x0000000706000000, 0x0000000706000000, 0x0000000706200000|  0%| F|  |TAMS 0x0000000706000000| PB 0x0000000706000000| Untracked |  0
|  15|0x0000000706200000, 0x0000000706200000, 0x0000000706400000|  0%| F|  |TAMS 0x0000000706200000| PB 0x0000000706200000| Untracked |  0
|  16|0x0000000706400000, 0x0000000706400000, 0x0000000706600000|  0%| F|  |TAMS 0x0000000706400000| PB 0x0000000706400000| Untracked |  0
|  17|0x0000000706600000, 0x0000000706600000, 0x0000000706800000|  0%| F|  |TAMS 0x0000000706600000| PB 0x0000000706600000| Untracked |  0
|  18|0x0000000706800000, 0x0000000706800000, 0x0000000706a00000|  0%| F|  |TAMS 0x0000000706800000| PB 0x0000000706800000| Untracked |  0
|  19|0x0000000706a00000, 0x0000000706a00000, 0x0000000706c00000|  0%| F|  |TAMS 0x0000000706a00000| PB 0x0000000706a00000| Untracked |  0
|  20|0x0000000706c00000, 0x0000000706c00000, 0x0000000706e00000|  0%| F|  |TAMS 0x0000000706c00000| PB 0x0000000706c00000| Untracked |  0
|  21|0x0000000706e00000, 0x0000000706e00000, 0x0000000707000000|  0%| F|  |TAMS 0x0000000706e00000| PB 0x0000000706e00000| Untracked |  0
|  22|0x0000000707000000, 0x0000000707000000, 0x0000000707200000|  0%| F|  |TAMS 0x0000000707000000| PB 0x0000000707000000| Untracked |  0
|  23|0x0000000707200000, 0x0000000707200000, 0x0000000707400000|  0%| F|  |TAMS 0x0000000707200000| PB 0x0000000707200000| Untracked |  0
|  24|0x0000000707400000, 0x0000000707400000, 0x0000000707600000|  0%| F|  |TAMS 0x0000000707400000| PB 0x0000000707400000| Untracked |  0
|  25|0x0000000707600000, 0x0000000707600000, 0x0000000707800000|  0%| F|  |TAMS 0x0000000707600000| PB 0x0000000707600000| Untracked |  0
|  26|0x0000000707800000, 0x0000000707800000, 0x0000000707a00000|  0%| F|  |TAMS 0x0000000707800000| PB 0x0000000707800000| Untracked |  0
|  27|0x0000000707a00000, 0x0000000707a00000, 0x0000000707c00000|  0%| F|  |TAMS 0x0000000707a00000| PB 0x0000000707a00000| Untracked |  0
|  28|0x0000000707c00000, 0x0000000707c00000, 0x0000000707e00000|  0%| F|  |TAMS 0x0000000707c00000| PB 0x0000000707c00000| Untracked |  0
|  29|0x0000000707e00000, 0x0000000707e00000, 0x0000000708000000|  0%| F|  |TAMS 0x0000000707e00000| PB 0x0000000707e00000| Untracked |  0
|  30|0x0000000708000000, 0x0000000708000000, 0x0000000708200000|  0%| F|  |TAMS 0x0000000708000000| PB 0x0000000708000000| Untracked |  0
|  31|0x0000000708200000, 0x0000000708200000, 0x0000000708400000|  0%| F|  |TAMS 0x0000000708200000| PB 0x0000000708200000| Untracked |  0
|  32|0x0000000708400000, 0x0000000708400000, 0x0000000708600000|  0%| F|  |TAMS 0x0000000708400000| PB 0x0000000708400000| Untracked |  0
|  33|0x0000000708600000, 0x0000000708600000, 0x0000000708800000|  0%| F|  |TAMS 0x0000000708600000| PB 0x0000000708600000| Untracked |  0
|  34|0x0000000708800000, 0x0000000708800000, 0x0000000708a00000|  0%| F|  |TAMS 0x0000000708800000| PB 0x0000000708800000| Untracked |  0
|  35|0x0000000708a00000, 0x0000000708a00000, 0x0000000708c00000|  0%| F|  |TAMS 0x0000000708a00000| PB 0x0000000708a00000| Untracked |  0
|  36|0x0000000708c00000, 0x0000000708c00000, 0x0000000708e00000|  0%| F|  |TAMS 0x0000000708c00000| PB 0x0000000708c00000| Untracked |  0
|  37|0x0000000708e00000, 0x0000000708e00000, 0x0000000709000000|  0%| F|  |TAMS 0x0000000708e00000| PB 0x0000000708e00000| Untracked |  0
|  38|0x0000000709000000, 0x0000000709000000, 0x0000000709200000|  0%| F|  |TAMS 0x0000000709000000| PB 0x0000000709000000| Untracked |  0
|  39|0x0000000709200000, 0x0000000709200000, 0x0000000709400000|  0%| F|  |TAMS 0x0000000709200000| PB 0x0000000709200000| Untracked |  0
|  40|0x0000000709400000, 0x0000000709400000, 0x0000000709600000|  0%| F|  |TAMS 0x0000000709400000| PB 0x0000000709400000| Untracked |  0
|  41|0x0000000709600000, 0x0000000709600000, 0x0000000709800000|  0%| F|  |TAMS 0x0000000709600000| PB 0x0000000709600000| Untracked |  0
|  42|0x0000000709800000, 0x0000000709800000, 0x0000000709a00000|  0%| F|  |TAMS 0x0000000709800000| PB 0x0000000709800000| Untracked |  0
|  43|0x0000000709a00000, 0x0000000709a00000, 0x0000000709c00000|  0%| F|  |TAMS 0x0000000709a00000| PB 0x0000000709a00000| Untracked |  0
|  44|0x0000000709c00000, 0x0000000709c00000, 0x0000000709e00000|  0%| F|  |TAMS 0x0000000709c00000| PB 0x0000000709c00000| Untracked |  0
|  45|0x0000000709e00000, 0x0000000709e00000, 0x000000070a000000|  0%| F|  |TAMS 0x0000000709e00000| PB 0x0000000709e00000| Untracked |  0
|  46|0x000000070a000000, 0x000000070a000000, 0x000000070a200000|  0%| F|  |TAMS 0x000000070a000000| PB 0x000000070a000000| Untracked |  0
|  47|0x000000070a200000, 0x000000070a200000, 0x000000070a400000|  0%| F|  |TAMS 0x000000070a200000| PB 0x000000070a200000| Untracked |  0
|  48|0x000000070a400000, 0x000000070a400000, 0x000000070a600000|  0%| F|  |TAMS 0x000000070a400000| PB 0x000000070a400000| Untracked |  0
|  49|0x000000070a600000, 0x000000070a600000, 0x000000070a800000|  0%| F|  |TAMS 0x000000070a600000| PB 0x000000070a600000| Untracked |  0
|  50|0x000000070a800000, 0x000000070a800000, 0x000000070aa00000|  0%| F|  |TAMS 0x000000070a800000| PB 0x000000070a800000| Untracked |  0
|  51|0x000000070aa00000, 0x000000070aa00000, 0x000000070ac00000|  0%| F|  |TAMS 0x000000070aa00000| PB 0x000000070aa00000| Untracked |  0
|  52|0x000000070ac00000, 0x000000070ac00000, 0x000000070ae00000|  0%| F|  |TAMS 0x000000070ac00000| PB 0x000000070ac00000| Untracked |  0
|  53|0x000000070ae00000, 0x000000070ae00000, 0x000000070b000000|  0%| F|  |TAMS 0x000000070ae00000| PB 0x000000070ae00000| Untracked |  0
|  54|0x000000070b000000, 0x000000070b000000, 0x000000070b200000|  0%| F|  |TAMS 0x000000070b000000| PB 0x000000070b000000| Untracked |  0
|  55|0x000000070b200000, 0x000000070b200000, 0x000000070b400000|  0%| F|  |TAMS 0x000000070b200000| PB 0x000000070b200000| Untracked |  0
|  56|0x000000070b400000, 0x000000070b400000, 0x000000070b600000|  0%| F|  |TAMS 0x000000070b400000| PB 0x000000070b400000| Untracked |  0
|  57|0x000000070b600000, 0x000000070b600000, 0x000000070b800000|  0%| F|  |TAMS 0x000000070b600000| PB 0x000000070b600000| Untracked |  0
|  58|0x000000070b800000, 0x000000070b800000, 0x000000070ba00000|  0%| F|  |TAMS 0x000000070b800000| PB 0x000000070b800000| Untracked |  0
|  59|0x000000070ba00000, 0x000000070ba00000, 0x000000070bc00000|  0%| F|  |TAMS 0x000000070ba00000| PB 0x000000070ba00000| Untracked |  0
|  60|0x000000070bc00000, 0x000000070bc00000, 0x000000070be00000|  0%| F|  |TAMS 0x000000070bc00000| PB 0x000000070bc00000| Untracked |  0
|  61|0x000000070be00000, 0x000000070be00000, 0x000000070c000000|  0%| F|  |TAMS 0x000000070be00000| PB 0x000000070be00000| Untracked |  0
|  62|0x000000070c000000, 0x000000070c000000, 0x000000070c200000|  0%| F|  |TAMS 0x000000070c000000| PB 0x000000070c000000| Untracked |  0
|  63|0x000000070c200000, 0x000000070c200000, 0x000000070c400000|  0%| F|  |TAMS 0x000000070c200000| PB 0x000000070c200000| Untracked |  0
|  64|0x000000070c400000, 0x000000070c400000, 0x000000070c600000|  0%| F|  |TAMS 0x000000070c400000| PB 0x000000070c400000| Untracked |  0
|  65|0x000000070c600000, 0x000000070c600000, 0x000000070c800000|  0%| F|  |TAMS 0x000000070c600000| PB 0x000000070c600000| Untracked |  0
|  66|0x000000070c800000, 0x000000070c800000, 0x000000070ca00000|  0%| F|  |TAMS 0x000000070c800000| PB 0x000000070c800000| Untracked |  0
|  67|0x000000070ca00000, 0x000000070ca00000, 0x000000070cc00000|  0%| F|  |TAMS 0x000000070ca00000| PB 0x000000070ca00000| Untracked |  0
|  68|0x000000070cc00000, 0x000000070cc00000, 0x000000070ce00000|  0%| F|  |TAMS 0x000000070cc00000| PB 0x000000070cc00000| Untracked |  0
|  69|0x000000070ce00000, 0x000000070ce00000, 0x000000070d000000|  0%| F|  |TAMS 0x000000070ce00000| PB 0x000000070ce00000| Untracked |  0
|  70|0x000000070d000000, 0x000000070d000000, 0x000000070d200000|  0%| F|  |TAMS 0x000000070d000000| PB 0x000000070d000000| Untracked |  0
|  71|0x000000070d200000, 0x000000070d200000, 0x000000070d400000|  0%| F|  |TAMS 0x000000070d200000| PB 0x000000070d200000| Untracked |  0
|  72|0x000000070d400000, 0x000000070d400000, 0x000000070d600000|  0%| F|  |TAMS 0x000000070d400000| PB 0x000000070d400000| Untracked |  0
|  73|0x000000070d600000, 0x000000070d600000, 0x000000070d800000|  0%| F|  |TAMS 0x000000070d600000| PB 0x000000070d600000| Untracked |  0
|  74|0x000000070d800000, 0x000000070d800000, 0x000000070da00000|  0%| F|  |TAMS 0x000000070d800000| PB 0x000000070d800000| Untracked |  0
|  75|0x000000070da00000, 0x000000070da00000, 0x000000070dc00000|  0%| F|  |TAMS 0x000000070da00000| PB 0x000000070da00000| Untracked |  0
|  76|0x000000070dc00000, 0x000000070dc00000, 0x000000070de00000|  0%| F|  |TAMS 0x000000070dc00000| PB 0x000000070dc00000| Untracked |  0
|  77|0x000000070de00000, 0x000000070de00000, 0x000000070e000000|  0%| F|  |TAMS 0x000000070de00000| PB 0x000000070de00000| Untracked |  0
|  78|0x000000070e000000, 0x000000070e000000, 0x000000070e200000|  0%| F|  |TAMS 0x000000070e000000| PB 0x000000070e000000| Untracked |  0
|  79|0x000000070e200000, 0x000000070e200000, 0x000000070e400000|  0%| F|  |TAMS 0x000000070e200000| PB 0x000000070e200000| Untracked |  0
|  80|0x000000070e400000, 0x000000070e400000, 0x000000070e600000|  0%| F|  |TAMS 0x000000070e400000| PB 0x000000070e400000| Untracked |  0
|  81|0x000000070e600000, 0x000000070e600000, 0x000000070e800000|  0%| F|  |TAMS 0x000000070e600000| PB 0x000000070e600000| Untracked |  0
|  82|0x000000070e800000, 0x000000070e800000, 0x000000070ea00000|  0%| F|  |TAMS 0x000000070e800000| PB 0x000000070e800000| Untracked |  0
|  83|0x000000070ea00000, 0x000000070ea00000, 0x000000070ec00000|  0%| F|  |TAMS 0x000000070ea00000| PB 0x000000070ea00000| Untracked |  0
|  84|0x000000070ec00000, 0x000000070ec00000, 0x000000070ee00000|  0%| F|  |TAMS 0x000000070ec00000| PB 0x000000070ec00000| Untracked |  0
|  85|0x000000070ee00000, 0x000000070ee00000, 0x000000070f000000|  0%| F|  |TAMS 0x000000070ee00000| PB 0x000000070ee00000| Untracked |  0
|  86|0x000000070f000000, 0x000000070f000000, 0x000000070f200000|  0%| F|  |TAMS 0x000000070f000000| PB 0x000000070f000000| Untracked |  0
|  87|0x000000070f200000, 0x000000070f200000, 0x000000070f400000|  0%| F|  |TAMS 0x000000070f200000| PB 0x000000070f200000| Untracked |  0
|  88|0x000000070f400000, 0x000000070f400000, 0x000000070f600000|  0%| F|  |TAMS 0x000000070f400000| PB 0x000000070f400000| Untracked |  0
|  89|0x000000070f600000, 0x000000070f600000, 0x000000070f800000|  0%| F|  |TAMS 0x000000070f600000| PB 0x000000070f600000| Untracked |  0
|  90|0x000000070f800000, 0x000000070f800000, 0x000000070fa00000|  0%| F|  |TAMS 0x000000070f800000| PB 0x000000070f800000| Untracked |  0
|  91|0x000000070fa00000, 0x000000070fa00000, 0x000000070fc00000|  0%| F|  |TAMS 0x000000070fa00000| PB 0x000000070fa00000| Untracked |  0
|  92|0x000000070fc00000, 0x000000070fc00000, 0x000000070fe00000|  0%| F|  |TAMS 0x000000070fc00000| PB 0x000000070fc00000| Untracked |  0
|  93|0x000000070fe00000, 0x000000070fe00000, 0x0000000710000000|  0%| F|  |TAMS 0x000000070fe00000| PB 0x000000070fe00000| Untracked |  0
|  94|0x0000000710000000, 0x0000000710000000, 0x0000000710200000|  0%| F|  |TAMS 0x0000000710000000| PB 0x0000000710000000| Untracked |  0
|  95|0x0000000710200000, 0x0000000710200000, 0x0000000710400000|  0%| F|  |TAMS 0x0000000710200000| PB 0x0000000710200000| Untracked |  0
|  96|0x0000000710400000, 0x0000000710400000, 0x0000000710600000|  0%| F|  |TAMS 0x0000000710400000| PB 0x0000000710400000| Untracked |  0
|  97|0x0000000710600000, 0x0000000710600000, 0x0000000710800000|  0%| F|  |TAMS 0x0000000710600000| PB 0x0000000710600000| Untracked |  0
|  98|0x0000000710800000, 0x00000007108bce58, 0x0000000710a00000| 36%| E|  |TAMS 0x0000000710800000| PB 0x0000000710800000| Complete |  0
|  99|0x0000000710a00000, 0x0000000710c00000, 0x0000000710c00000|100%| E|CS|TAMS 0x0000000710a00000| PB 0x0000000710a00000| Complete |  0
| 100|0x0000000710c00000, 0x0000000710e00000, 0x0000000710e00000|100%| S|CS|TAMS 0x0000000710c00000| PB 0x0000000710c00000| Complete |  0
| 101|0x0000000710e00000, 0x0000000711000000, 0x0000000711000000|100%| S|CS|TAMS 0x0000000710e00000| PB 0x0000000710e00000| Complete |  0
| 102|0x0000000711000000, 0x0000000711200000, 0x0000000711200000|100%| E|CS|TAMS 0x0000000711000000| PB 0x0000000711000000| Complete |  0
| 103|0x0000000711200000, 0x0000000711400000, 0x0000000711400000|100%| E|CS|TAMS 0x0000000711200000| PB 0x0000000711200000| Complete |  0
| 104|0x0000000711400000, 0x0000000711600000, 0x0000000711600000|100%| E|CS|TAMS 0x0000000711400000| PB 0x0000000711400000| Complete |  0
| 105|0x0000000711600000, 0x0000000711800000, 0x0000000711800000|100%| E|CS|TAMS 0x0000000711600000| PB 0x0000000711600000| Complete |  0
| 106|0x0000000711800000, 0x0000000711a00000, 0x0000000711a00000|100%| E|CS|TAMS 0x0000000711800000| PB 0x0000000711800000| Complete |  0
| 107|0x0000000711a00000, 0x0000000711c00000, 0x0000000711c00000|100%| E|CS|TAMS 0x0000000711a00000| PB 0x0000000711a00000| Complete |  0
| 108|0x0000000711c00000, 0x0000000711e00000, 0x0000000711e00000|100%| E|CS|TAMS 0x0000000711c00000| PB 0x0000000711c00000| Complete |  0
| 109|0x0000000711e00000, 0x0000000712000000, 0x0000000712000000|100%| E|CS|TAMS 0x0000000711e00000| PB 0x0000000711e00000| Complete |  0
| 110|0x0000000712000000, 0x0000000712200000, 0x0000000712200000|100%| E|CS|TAMS 0x0000000712000000| PB 0x0000000712000000| Complete |  0
| 111|0x0000000712200000, 0x0000000712400000, 0x0000000712400000|100%| E|CS|TAMS 0x0000000712200000| PB 0x0000000712200000| Complete |  0
| 112|0x0000000712400000, 0x0000000712600000, 0x0000000712600000|100%| E|CS|TAMS 0x0000000712400000| PB 0x0000000712400000| Complete |  0
| 113|0x0000000712600000, 0x0000000712800000, 0x0000000712800000|100%| E|CS|TAMS 0x0000000712600000| PB 0x0000000712600000| Complete |  0
| 114|0x0000000712800000, 0x0000000712a00000, 0x0000000712a00000|100%| E|CS|TAMS 0x0000000712800000| PB 0x0000000712800000| Complete |  0
| 115|0x0000000712a00000, 0x0000000712c00000, 0x0000000712c00000|100%| E|CS|TAMS 0x0000000712a00000| PB 0x0000000712a00000| Complete |  0
| 116|0x0000000712c00000, 0x0000000712e00000, 0x0000000712e00000|100%| E|CS|TAMS 0x0000000712c00000| PB 0x0000000712c00000| Complete |  0
| 117|0x0000000712e00000, 0x0000000713000000, 0x0000000713000000|100%| E|CS|TAMS 0x0000000712e00000| PB 0x0000000712e00000| Complete |  0
| 118|0x0000000713000000, 0x0000000713200000, 0x0000000713200000|100%| E|CS|TAMS 0x0000000713000000| PB 0x0000000713000000| Complete |  0
| 119|0x0000000713200000, 0x0000000713400000, 0x0000000713400000|100%| E|CS|TAMS 0x0000000713200000| PB 0x0000000713200000| Complete |  0
| 120|0x0000000713400000, 0x0000000713600000, 0x0000000713600000|100%| E|CS|TAMS 0x0000000713400000| PB 0x0000000713400000| Complete |  0
| 121|0x0000000713600000, 0x0000000713800000, 0x0000000713800000|100%| E|CS|TAMS 0x0000000713600000| PB 0x0000000713600000| Complete |  0
| 122|0x0000000713800000, 0x0000000713a00000, 0x0000000713a00000|100%| E|CS|TAMS 0x0000000713800000| PB 0x0000000713800000| Complete |  0
| 123|0x0000000713a00000, 0x0000000713c00000, 0x0000000713c00000|100%| E|CS|TAMS 0x0000000713a00000| PB 0x0000000713a00000| Complete |  0
| 124|0x0000000713c00000, 0x0000000713e00000, 0x0000000713e00000|100%| E|CS|TAMS 0x0000000713c00000| PB 0x0000000713c00000| Complete |  0
| 125|0x0000000713e00000, 0x0000000714000000, 0x0000000714000000|100%| E|CS|TAMS 0x0000000713e00000| PB 0x0000000713e00000| Complete |  0
|2013|0x00000007ffe00000, 0x00000007fff25860, 0x0000000800000000| 57%| O|  |TAMS 0x00000007ffe00000| PB 0x00000007ffe00000| Untracked |  0

Card table byte_map: [0x00000238fc8f0000,0x00000238fd0d0000] _byte_map_base: 0x00000238f90ce000

Marking Bits: (CMBitMap*) 0x00000238fb734e20
 Bits: [0x0000023897a50000, 0x000002389b940000)

Polling page: 0x00000238f96c0000

Metaspace:
Metaspace        used 16698K, committed 17472K, reserved 1114112K
 class space     used 1440K, committed 1792K, reserved 1048576K

Usage:
  Non-class:     14.90 MB used.
      Class:      1.41 MB used.
       Both:     16.31 MB used.

Virtual space:
  Non-class space:       64.00 MB reserved,      15.31 MB ( 24%) committed,  1 nodes.
      Class space:        1.00 GB reserved,       1.75 MB ( <1%) committed,  1 nodes.
             Both:        1.06 GB reserved,      17.06 MB (  2%) committed. 

Chunk freelists:
   Non-Class:  38.00 KB
       Class:  14.18 MB
        Both:  14.21 MB

MaxMetaspaceSize: unlimited
CompressedClassSpaceSize: 1.00 GB
Initial GC threshold: 21.00 MB
Current GC threshold: 21.00 MB
CDS: on
 - commit_granule_bytes: 65536.
 - commit_granule_words: 8192.
 - virtual_space_node_default_size: 8388608.
 - enlarge_chunks_in_place: 1.
UseCompressedClassPointers 1, UseCompactObjectHeaders 0
Narrow klass pointer bits 32, Max shift 3
Narrow klass base: 0x0000000094000000, Narrow klass shift: 0
Encoding Range: [0x0000000094000000 - 0x0000000194000000), (4294967296 bytes)
Klass Range:    [0x0000000094010000 - 0x00000000d5000000), (1090453504 bytes)
Klass ID Range:  [65536 - 1090519033) (1090453497)
Protection zone: [0x0000000094000000 - 0x0000000094010000), (65536 bytes)


Internal statistics:

num_allocs_failed_limit: 0.
num_arena_births: 926.
num_arena_deaths: 0.
num_vsnodes_births: 2.
num_vsnodes_deaths: 0.
num_space_committed: 272.
num_space_uncommitted: 0.
num_chunks_returned_to_freelist: 0.
num_chunks_taken_from_freelist: 1541.
num_chunk_merges: 0.
num_chunk_splits: 1009.
num_chunks_enlarged: 536.
num_inconsistent_stats: 0.

CodeHeap 'non-profiled nmethods': size=119168Kb used=1059Kb max_used=1059Kb free=118108Kb
 bounds [0x00000238905f0000, 0x0000023890860000, 0x0000023897a50000]
CodeHeap 'profiled nmethods': size=119168Kb used=4294Kb max_used=4294Kb free=114873Kb
 bounds [0x0000023888a40000, 0x0000023888e80000, 0x000002388fea0000]
CodeHeap 'non-nmethods': size=7488Kb used=4971Kb max_used=5000Kb free=2516Kb
 bounds [0x000002388fea0000, 0x0000023890390000, 0x00000238905f0000]
CodeCache: size=245824Kb, used=10324Kb, max_used=10353Kb, free=235497Kb
 total_blobs=5013, nmethods=3073, adapters=1817, full_count=0
Compilation: enabled, stopped_count=0, restarted_count=0

Compilation events (20 events):
Event: 1.518 Thread 0x00000238a067fab0 3056       4       java.lang.StringUTF16::getChar (60 bytes)
Event: 1.519 Thread 0x00000238a067fab0 nmethod 3056 0x00000238906f2f88 code [0x00000238906f3080, 0x00000238906f3168]
Event: 1.521 Thread 0x00000238a067c240 nmethod 3055 0x00000238906f3288 code [0x00000238906f3380, 0x00000238906f3b78]
Event: 1.533 Thread 0x00000238fd38a7c0 nmethod 3048 0x00000238906f3b88 code [0x00000238906f3c80, 0x00000238906f5df8]
Event: 1.546 Thread 0x00000238a067fab0 3057       4       java.lang.String::<init> (98 bytes)
Event: 1.548 Thread 0x00000238a067fab0 nmethod 3057 0x00000238906f5e88 code [0x00000238906f5f80, 0x00000238906f6590]
Event: 1.553 Thread 0x000002389bb74150 3058       1       java.lang.reflect.Field::getDeclaringClass (5 bytes)
Event: 1.553 Thread 0x000002389bb74150 nmethod 3058 0x00000238906f6608 code [0x00000238906f6700, 0x00000238906f67c8]
Event: 1.562 Thread 0x000002389bb708e0 3059  s    1       java.lang.StringBuffer::length (5 bytes)
Event: 1.562 Thread 0x000002389bb708e0 nmethod 3059 0x00000238906f6908 code [0x00000238906f6a00, 0x00000238906f6c10]
Event: 1.566 Thread 0x00000238fd38a7c0 3061       4       java.lang.StringBuilder::length (5 bytes)
Event: 1.566 Thread 0x00000238fd38a7c0 nmethod 3061 0x00000238906f6f88 code [0x00000238906f7080, 0x00000238906f70f8]
Event: 1.568 Thread 0x000002389bb74150 3062       3       java.lang.CharacterData::of (136 bytes)
Event: 1.568 Thread 0x000002389bb74150 nmethod 3062 0x0000023888e70a88 code [0x0000023888e70b80, 0x0000023888e711e0]
Event: 1.569 Thread 0x000002389bb72920 3065       3       java.lang.invoke.LambdaForm$Name::<init> (14 bytes)
Event: 1.569 Thread 0x000002389bb72920 nmethod 3065 0x0000023888e71208 code [0x0000023888e71300, 0x0000023888e71618]
Event: 1.570 Thread 0x00000238fd38a7c0 3072       4       java.lang.AbstractStringBuilder::isLatin1 (8 bytes)
Event: 1.570 Thread 0x00000238fd38a7c0 nmethod 3072 0x00000238906f8a88 code [0x00000238906f8b80, 0x00000238906f8c18]
Event: 1.573 Thread 0x000002389bb74150 3073       3       org.lwjgl.system.MemoryStack::callocInt (29 bytes)
Event: 1.573 Thread 0x000002389bb74150 nmethod 3073 0x0000023888e71688 code [0x0000023888e71780, 0x0000023888e71a68]

GC Heap Usage History (2 events):
Event: 0.609 {heap Before GC invocations=0 (full 0):
 garbage-first heap   total reserved 4124672K, committed 260096K, used 48278K [0x0000000704400000, 0x0000000800000000)
  region size 2048K, 24 young (49152K), 0 survivors (0K)
}
Event: 0.613 {heap After GC invocations=1 (full 0):
 garbage-first heap   total reserved 4124672K, committed 260096K, used 5270K [0x0000000704400000, 0x0000000800000000)
  region size 2048K, 2 young (4096K), 2 survivors (4096K)
}

Metaspace Usage History (2 events):
Event: 0.609 {metaspace Before GC invocations=0 (full 0):
 Metaspace       used 11913K, committed 12416K, reserved 1114112K
  class space    used 1207K, committed 1408K, reserved 1048576K
}
Event: 0.613 {metaspace After GC invocations=1 (full 0):
 Metaspace       used 11913K, committed 12416K, reserved 1114112K
  class space    used 1207K, committed 1408K, reserved 1048576K
}

Dll operation events (20 events):
Event: 0.127 Attempting to load shared library C:\Users\canay\.jdks\ms-25.0.4\bin\zip.dll
Event: 0.127 Loaded shared library C:\Users\canay\.jdks\ms-25.0.4\bin\zip.dll
Event: 0.129 Attempting to load shared library C:\Users\canay\.jdks\ms-25.0.4\bin\instrument.dll
Event: 0.129 Loaded shared library C:\Users\canay\.jdks\ms-25.0.4\bin\instrument.dll
Event: 0.145 Attempting to load shared library C:\Users\canay\.jdks\ms-25.0.4\bin\verify.dll
Event: 0.145 Loaded shared library C:\Users\canay\.jdks\ms-25.0.4\bin\verify.dll
Event: 0.159 Attempting to load shared library C:\Users\canay\.jdks\ms-25.0.4\bin\jimage.dll
Event: 0.159 Loaded shared library C:\Users\canay\.jdks\ms-25.0.4\bin\jimage.dll
Event: 0.173 Attempting to load shared library C:\Users\canay\.jdks\ms-25.0.4\bin\management.dll
Event: 0.173 Loaded shared library C:\Users\canay\.jdks\ms-25.0.4\bin\management.dll
Event: 0.179 Attempting to load shared library C:\Users\canay\.jdks\ms-25.0.4\bin\management_ext.dll
Event: 0.179 Loaded shared library C:\Users\canay\.jdks\ms-25.0.4\bin\management_ext.dll
Event: 0.181 Attempting to load shared library C:\Users\canay\AppData\Local\Temp\lwjgl_canay\3.4.2+13\x64\lwjgl.dll
Event: 0.182 Loaded shared library C:\Users\canay\AppData\Local\Temp\lwjgl_canay\3.4.2+13\x64\lwjgl.dll
Event: 0.581 Attempting to load shared library C:\Users\canay\AppData\Local\Temp\lwjgl_canay\3.4.2+13\x64\lwjgl_opengl.dll
Event: 0.581 Loaded shared library C:\Users\canay\AppData\Local\Temp\lwjgl_canay\3.4.2+13\x64\lwjgl_opengl.dll
Event: 0.686 Attempting to load shared library C:\Users\canay\AppData\Local\Temp\imgui-java-natives\1.89.0\imgui-java64.dll
Event: 0.750 Loaded shared library C:\Users\canay\AppData\Local\Temp\imgui-java-natives\1.89.0\imgui-java64.dll
Event: 1.026 Attempting to load shared library C:\Users\canay\AppData\Local\Temp\lwjgl_canay\3.4.2+13\x64\lwjgl_stb.dll
Event: 1.027 Loaded shared library C:\Users\canay\AppData\Local\Temp\lwjgl_canay\3.4.2+13\x64\lwjgl_stb.dll

Deoptimization events (20 events):
Event: 1.553 Thread 0x00000238fb6c6e70 Uncommon trap: trap_request=0xffffff5e fr.pc=0x00000238906f6384 relative=0x0000000000000404
Event: 1.553 Thread 0x00000238fb6c6e70 Uncommon trap: reason=speculate_class_check action=maybe_recompile pc=0x00000238906f6384 method=java.lang.String.<init>(Ljava/lang/AbstractStringBuilder;Ljava/lang/Void;)V @ 10 c2
Event: 1.553 Thread 0x00000238fb6c6e70 DEOPT PACKING pc=0x00000238906f6384 sp=0x000000a6029fe090
Event: 1.553 Thread 0x00000238fb6c6e70 DEOPT UNPACKING pc=0x000002388ffcd782 sp=0x000000a6029fe060 mode 2
Event: 1.570 Thread 0x00000238fb6c6e70 Uncommon trap: trap_request=0xffffffde fr.pc=0x00000238906f3860 relative=0x00000000000004e0
Event: 1.570 Thread 0x00000238fb6c6e70 Uncommon trap: reason=class_check action=maybe_recompile pc=0x00000238906f3860 method=java.util.regex.Pattern$BmpCharPropertyGreedy.match(Ljava/util/regex/Matcher;ILjava/lang/CharSequence;)Z @ 26 c2
Event: 1.570 Thread 0x00000238fb6c6e70 DEOPT PACKING pc=0x00000238906f3860 sp=0x000000a6029ff370
Event: 1.570 Thread 0x00000238fb6c6e70 DEOPT UNPACKING pc=0x000002388ffcd782 sp=0x000000a6029ff2a8 mode 2
Event: 1.570 Thread 0x00000238fb6c6e70 Uncommon trap: trap_request=0xffffffde fr.pc=0x0000023890675764 relative=0x00000000000002e4
Event: 1.570 Thread 0x00000238fb6c6e70 Uncommon trap: reason=class_check action=maybe_recompile pc=0x0000023890675764 method=java.util.regex.Pattern$BmpCharPropertyGreedy.match(Ljava/util/regex/Matcher;ILjava/lang/CharSequence;)Z @ 26 c2
Event: 1.570 Thread 0x00000238fb6c6e70 DEOPT PACKING pc=0x0000023890675764 sp=0x000000a6029ff2f0
Event: 1.570 Thread 0x00000238fb6c6e70 DEOPT UNPACKING pc=0x000002388ffcd782 sp=0x000000a6029ff2a8 mode 2
Event: 1.570 Thread 0x00000238fb6c6e70 Uncommon trap: trap_request=0xffffffde fr.pc=0x0000023890675764 relative=0x00000000000002e4
Event: 1.570 Thread 0x00000238fb6c6e70 Uncommon trap: reason=class_check action=maybe_recompile pc=0x0000023890675764 method=java.util.regex.Pattern$BmpCharPropertyGreedy.match(Ljava/util/regex/Matcher;ILjava/lang/CharSequence;)Z @ 26 c2
Event: 1.570 Thread 0x00000238fb6c6e70 DEOPT PACKING pc=0x0000023890675764 sp=0x000000a6029ff2f0
Event: 1.570 Thread 0x00000238fb6c6e70 DEOPT UNPACKING pc=0x000002388ffcd782 sp=0x000000a6029ff2a8 mode 2
Event: 1.570 Thread 0x00000238fb6c6e70 Uncommon trap: trap_request=0xffffffde fr.pc=0x0000023890675764 relative=0x00000000000002e4
Event: 1.570 Thread 0x00000238fb6c6e70 Uncommon trap: reason=class_check action=maybe_recompile pc=0x0000023890675764 method=java.util.regex.Pattern$BmpCharPropertyGreedy.match(Ljava/util/regex/Matcher;ILjava/lang/CharSequence;)Z @ 26 c2
Event: 1.570 Thread 0x00000238fb6c6e70 DEOPT PACKING pc=0x0000023890675764 sp=0x000000a6029ff2f0
Event: 1.570 Thread 0x00000238fb6c6e70 DEOPT UNPACKING pc=0x000002388ffcd782 sp=0x000000a6029ff2a8 mode 2

Classes loaded (20 events):
Event: 0.693 Loading class javax/management/openmbean/CompositeDataSupport
Event: 0.693 Loading class javax/management/openmbean/CompositeDataSupport done
Event: 0.694 Loading class javax/management/openmbean/OpenDataException
Event: 0.694 Loading class javax/management/openmbean/OpenDataException done
Event: 0.694 Loading class java/lang/SecurityException
Event: 0.695 Loading class java/lang/SecurityException done
Event: 0.696 Loading class java/io/ObjectStreamException
Event: 0.696 Loading class java/io/ObjectStreamException done
Event: 1.015 Loading class java/lang/IO
Event: 1.015 Loading class java/lang/IO done
Event: 1.513 Loading class java/lang/invoke/TypeConvertingMethodAdapter$1
Event: 1.513 Loading class java/lang/invoke/TypeConvertingMethodAdapter$1 done
Event: 1.513 Loading class java/lang/invoke/TypeConvertingMethodAdapter$BoxHolder
Event: 1.513 Loading class java/lang/invoke/TypeConvertingMethodAdapter$BoxHolder done
Event: 1.516 Loading class sun/util/resources/LocaleData$CommonResourceBundleProvider
Event: 1.516 Loading class sun/util/resources/LocaleData$LocaleDataResourceBundleProvider
Event: 1.516 Loading class java/util/spi/ResourceBundleProvider
Event: 1.516 Loading class java/util/spi/ResourceBundleProvider done
Event: 1.516 Loading class sun/util/resources/LocaleData$LocaleDataResourceBundleProvider done
Event: 1.516 Loading class sun/util/resources/LocaleData$CommonResourceBundleProvider done

Classes unloaded (0 events):
No events

Classes redefined (0 events):
No events

Internal exceptions (20 events):
Event: 1.013 Thread 0x00000238fb6c6e70 Exception <a 'java/lang/NoSuchMethodError'{0x000000071342ea10}: 'int java.lang.invoke.DelegatingMethodHandle$Holder.reinvoke_L(java.lang.Object, java.lang.Object, java.lang.Object, long, int, int, long, long, long, long, long, long, long)'> (0x000000071342ea10) 
thrown [s\src\hotspot\share\interpreter\linkResolver.cpp, line 804]
Event: 1.014 Thread 0x00000238fb6c6e70 Exception <a 'java/lang/NoSuchMethodError'{0x0000000713452470}: 'int java.lang.invoke.DirectMethodHandle$Holder.invokeSpecial(java.lang.Object, java.lang.Object, java.lang.Object, long, int, int, long, long, long, long, long, long, long)'> (0x0000000713452470) 
thrown [s\src\hotspot\share\interpreter\linkResolver.cpp, line 804]
Event: 1.021 Thread 0x00000238fb6c6e70 Exception <a 'java/lang/NoSuchMethodError'{0x0000000713493bb0}: 'void java.lang.System.load(java.lang.String, java.lang.Class)'> (0x0000000713493bb0) 
thrown [s\src\hotspot\share\interpreter\linkResolver.cpp, line 804]
Event: 1.021 Thread 0x00000238fb6c6e70 Exception <a 'java/lang/NoSuchMethodError'{0x000000071349b990}: 'void java.lang.System.loadLibrary(java.lang.String, java.lang.Class)'> (0x000000071349b990) 
thrown [s\src\hotspot\share\interpreter\linkResolver.cpp, line 804]
Event: 1.021 Thread 0x00000238fb6c6e70 Exception <a 'sun/nio/fs/WindowsException'{0x00000007134a3950}> (0x00000007134a3950) 
thrown [s\src\hotspot\share\prims\jni.cpp, line 516]
Event: 1.022 Thread 0x00000238fb6c6e70 Exception <a 'sun/nio/fs/WindowsException'{0x00000007134a40c0}> (0x00000007134a40c0) 
thrown [s\src\hotspot\share\prims\jni.cpp, line 516]
Event: 1.026 Thread 0x00000238fb6c6e70 Exception <a 'sun/nio/fs/WindowsException'{0x00000007134afda8}> (0x00000007134afda8) 
thrown [s\src\hotspot\share\prims\jni.cpp, line 516]
Event: 1.026 Thread 0x00000238fb6c6e70 Exception <a 'sun/nio/fs/WindowsException'{0x00000007134b0128}> (0x00000007134b0128) 
thrown [s\src\hotspot\share\prims\jni.cpp, line 516]
Event: 1.027 Thread 0x00000238fb6c6e70 Exception <a 'sun/nio/fs/WindowsException'{0x00000007134b24f0}> (0x00000007134b24f0) 
thrown [s\src\hotspot\share\prims\jni.cpp, line 516]
Event: 1.027 Thread 0x00000238fb6c6e70 Exception <a 'sun/nio/fs/WindowsException'{0x00000007134b2cc0}> (0x00000007134b2cc0) 
thrown [s\src\hotspot\share\prims\jni.cpp, line 516]
Event: 1.511 Thread 0x00000238fb6c6e70 Exception <a 'java/lang/NoSuchMethodError'{0x000000071138cad8}: 'double java.lang.invoke.DirectMethodHandle$Holder.invokeStatic(java.lang.Object, java.lang.Object, java.lang.Object)'> (0x000000071138cad8) 
thrown [s\src\hotspot\share\interpreter\linkResolver.cpp, line 804]
Event: 1.511 Thread 0x00000238fb6c6e70 Exception <a 'java/lang/NoSuchMethodError'{0x0000000711394c28}: 'double java.lang.invoke.DirectMethodHandle$Holder.invokeStaticInit(java.lang.Object, java.lang.Object, java.lang.Object)'> (0x0000000711394c28) 
thrown [s\src\hotspot\share\interpreter\linkResolver.cpp, line 804]
Event: 1.511 Thread 0x00000238fb6c6e70 Exception <a 'java/lang/NoSuchMethodError'{0x00000007113a4ef0}: 'double java.lang.invoke.DelegatingMethodHandle$Holder.reinvoke_L(java.lang.Object, java.lang.Object, java.lang.Object)'> (0x00000007113a4ef0) 
thrown [s\src\hotspot\share\interpreter\linkResolver.cpp, line 804]
Event: 1.512 Thread 0x00000238fb6c6e70 Exception <a 'java/lang/NoSuchMethodError'{0x00000007113c5408}: 'double java.lang.invoke.Invokers$Holder.invokeExact_MT(java.lang.Object, java.lang.Object, java.lang.Object)'> (0x00000007113c5408) 
thrown [s\src\hotspot\share\interpreter\linkResolver.cpp, line 804]
Event: 1.513 Thread 0x00000238fb6c6e70 Exception <a 'java/lang/NoSuchMethodError'{0x00000007113f4288}: 'int java.lang.invoke.DirectMethodHandle$Holder.invokeStatic(java.lang.Object, long, java.lang.Object)'> (0x00000007113f4288) 
thrown [s\src\hotspot\share\interpreter\linkResolver.cpp, line 804]
Event: 1.528 Thread 0x00000238fb6c6e70 Exception <a 'java/lang/IllegalAccessError'{0x00000007111ca628}: class org.joml.MemUtil$MemUtilInternalUnsafe (in module org.joml) cannot access class jdk.internal.misc.Unsafe (in module java.base) because module java.base does not export jdk.internal.misc to module org.joml> (0x00000007111ca628) 
thrown [s\src\hotspot\share\interpreter\linkResolver.cpp, line 342]
Event: 1.529 Thread 0x00000238fb6c6e70 Exception <a 'java/lang/IllegalAccessError'{0x00000007111ca628}> (0x00000007111ca628) 
thrown [s\src\hotspot\share\oops\instanceKlass.cpp, line 1347]
Event: 1.569 Thread 0x00000238fb6c6e70 Exception <a 'java/lang/NoSuchMethodError'{0x0000000710bb4c80}: 'void java.lang.invoke.DirectMethodHandle$Holder.invokeStaticInit(java.lang.Object, java.lang.Object, java.lang.Object, long, long)'> (0x0000000710bb4c80) 
thrown [s\src\hotspot\share\interpreter\linkResolver.cpp, line 804]
Event: 1.569 Thread 0x00000238fb6c6e70 Exception <a 'java/lang/NoSuchMethodError'{0x0000000710bc5100}: 'void java.lang.invoke.DelegatingMethodHandle$Holder.reinvoke_L(java.lang.Object, java.lang.Object, java.lang.Object, long, long)'> (0x0000000710bc5100) 
thrown [s\src\hotspot\share\interpreter\linkResolver.cpp, line 804]
Event: 1.570 Thread 0x00000238fb6c6e70 Exception <a 'java/lang/NoSuchMethodError'{0x0000000710be6148}: 'void java.lang.invoke.DirectMethodHandle$Holder.invokeSpecial(java.lang.Object, java.lang.Object, java.lang.Object, long, long)'> (0x0000000710be6148) 
thrown [s\src\hotspot\share\interpreter\linkResolver.cpp, line 804]

VM Operations (20 events):
Event: 0.298 Executing non-safepoint VM operation: HandshakeAllThreads (Deoptimize)
Event: 0.298 Executing non-safepoint VM operation: HandshakeAllThreads (Deoptimize) done
Event: 0.317 Executing non-safepoint VM operation: HandshakeAllThreads (Deoptimize)
Event: 0.317 Executing non-safepoint VM operation: HandshakeAllThreads (Deoptimize) done
Event: 0.322 Executing non-safepoint VM operation: HandshakeAllThreads (Deoptimize)
Event: 0.322 Executing non-safepoint VM operation: HandshakeAllThreads (Deoptimize) done
Event: 0.346 Executing non-safepoint VM operation: HandshakeAllThreads (Deoptimize)
Event: 0.347 Executing non-safepoint VM operation: HandshakeAllThreads (Deoptimize) done
Event: 0.366 Executing non-safepoint VM operation: HandshakeAllThreads (Deoptimize)
Event: 0.366 Executing non-safepoint VM operation: HandshakeAllThreads (Deoptimize) done
Event: 0.609 Executing safepoint VM operation: G1CollectForAllocation (G1 Evacuation Pause)
Event: 0.613 Executing safepoint VM operation: G1CollectForAllocation (G1 Evacuation Pause) done
Event: 0.690 Executing non-safepoint VM operation: HandshakeAllThreads (Deoptimize)
Event: 0.690 Executing non-safepoint VM operation: HandshakeAllThreads (Deoptimize) done
Event: 1.005 Executing non-safepoint VM operation: HandshakeAllThreads (Deoptimize)
Event: 1.005 Executing non-safepoint VM operation: HandshakeAllThreads (Deoptimize) done
Event: 1.515 Executing non-safepoint VM operation: HandshakeAllThreads (Deoptimize)
Event: 1.515 Executing non-safepoint VM operation: HandshakeAllThreads (Deoptimize) done
Event: 1.518 Executing non-safepoint VM operation: HandshakeAllThreads (Deoptimize)
Event: 1.518 Executing non-safepoint VM operation: HandshakeAllThreads (Deoptimize) done

Memory protections (0 events):
No events

Nmethod flushes (0 events):
No events

Events (20 events):
Event: 0.067 Thread 0x000002389bb71900 Thread added: 0x000002389bb73130
Event: 0.068 Thread 0x000002389bb708e0 Thread added: 0x000002389bb73940
Event: 0.126 Thread 0x00000238fb6c6e70 JVMTI - enter start phase
Event: 0.126 Thread 0x00000238fb6c6e70 JVMTI - enter live phase
Event: 0.140 Thread 0x00000238fb6c6e70 Thread added: 0x00000238a0635210
Event: 0.140 Thread 0x00000238fb6c6e70 Thread added: 0x00000238a0656200
Event: 0.252 Thread 0x000002389bb708e0 Thread added: 0x00000238a06779b0
Event: 0.252 Thread 0x000002389bb708e0 Thread added: 0x00000238a06781c0
Event: 0.303 Thread 0x00000238fd384cb0 Thread added: 0x00000238a0b57270
Event: 0.331 Thread 0x00000238a0b57270 Thread added: 0x00000238a0b46e10
Event: 0.341 Thread 0x00000238a0b46e10 Thread added: 0x00000238a0e11450
Event: 0.345 Thread 0x00000238a0b46e10 Thread added: 0x00000238a0df34d0
Event: 0.518 Thread 0x00000238a06781c0 Thread exited: 0x00000238a06781c0
Event: 0.518 Thread 0x00000238a06779b0 Thread exited: 0x00000238a06779b0
Event: 0.518 Thread 0x000002389bb73940 Thread exited: 0x000002389bb73940
Event: 0.518 Thread 0x000002389bb73130 Thread exited: 0x000002389bb73130
Event: 0.533 Thread 0x000002389bb708e0 Thread added: 0x00000238a067b220
Event: 1.003 Thread 0x00000238a067b220 Thread exited: 0x00000238a067b220
Event: 1.345 Thread 0x00000238fd38a7c0 Thread added: 0x00000238a067fab0
Event: 1.345 Thread 0x00000238fd38a7c0 Thread added: 0x00000238a067c240


Dynamic libraries:
0x00007ff770050000 - 0x00007ff77005e000 	C:\Users\canay\.jdks\ms-25.0.4\bin\java.exe
0x00007ffea2e00000 - 0x00007ffea3066000 	C:\WINDOWS\SYSTEM32\ntdll.dll
0x00007ffea24b0000 - 0x00007ffea2579000 	C:\WINDOWS\System32\KERNEL32.DLL
0x00007ffea0040000 - 0x00007ffea043f000 	C:\WINDOWS\System32\KERNELBASE.dll
0x00007ffea0910000 - 0x00007ffea0a5c000 	C:\WINDOWS\System32\ucrtbase.dll
0x00007ffe83210000 - 0x00007ffe83227000 	C:\Users\canay\.jdks\ms-25.0.4\bin\jli.dll
0x00007ffe921a0000 - 0x00007ffe921be000 	C:\Users\canay\.jdks\ms-25.0.4\bin\VCRUNTIME140.dll
0x00007ffea2120000 - 0x00007ffea22e6000 	C:\WINDOWS\System32\USER32.dll
0x00007ffea0010000 - 0x00007ffea0037000 	C:\WINDOWS\System32\win32u.dll
0x00007ffe7e260000 - 0x00007ffe7e4f1000 	C:\WINDOWS\WinSxS\amd64_microsoft.windows.common-controls_6595b64144ccf1df_6.0.26100.8972_none_3e0da176e32f9d4b\COMCTL32.dll
0x00007ffea1070000 - 0x00007ffea109b000 	C:\WINDOWS\System32\GDI32.dll
0x00007ffea2010000 - 0x00007ffea20b9000 	C:\WINDOWS\System32\msvcrt.dll
0x00007ffea0720000 - 0x00007ffea0849000 	C:\WINDOWS\System32\gdi32full.dll
0x00007ffea04e0000 - 0x00007ffea0583000 	C:\WINDOWS\System32\msvcp_win.dll
0x00007ffea2a60000 - 0x00007ffea2a92000 	C:\WINDOWS\System32\IMM32.DLL
0x00007ffe921d0000 - 0x00007ffe921dc000 	C:\Users\canay\.jdks\ms-25.0.4\bin\vcruntime140_1.dll
0x00007ffe7cff0000 - 0x00007ffe7d079000 	C:\Users\canay\.jdks\ms-25.0.4\bin\msvcp140.dll
0x00007ffe2c8d0000 - 0x00007ffe2d808000 	C:\Users\canay\.jdks\ms-25.0.4\bin\server\jvm.dll
0x00007ffea2cf0000 - 0x00007ffea2dac000 	C:\WINDOWS\System32\ADVAPI32.dll
0x00007ffea2900000 - 0x00007ffea29aa000 	C:\WINDOWS\System32\sechost.dll
0x00007ffea0f50000 - 0x00007ffea1068000 	C:\WINDOWS\System32\RPCRT4.dll
0x00007ffea29b0000 - 0x00007ffea2a32000 	C:\WINDOWS\System32\WS2_32.dll
0x00007ffe9eb30000 - 0x00007ffe9eb8e000 	C:\WINDOWS\SYSTEM32\POWRPROF.dll
0x00007ffe8f9a0000 - 0x00007ffe8f9d6000 	C:\WINDOWS\SYSTEM32\WINMM.dll
0x00007ffe953c0000 - 0x00007ffe953cb000 	C:\WINDOWS\SYSTEM32\VERSION.dll
0x00007ffe9eb10000 - 0x00007ffe9eb25000 	C:\WINDOWS\SYSTEM32\UMPDC.dll
0x00007ffe9ee00000 - 0x00007ffe9ee1b000 	C:\WINDOWS\SYSTEM32\kernel.appcore.dll
0x00007ffe8ffc0000 - 0x00007ffe8ffca000 	C:\Users\canay\.jdks\ms-25.0.4\bin\jimage.dll
0x00007ffe9d590000 - 0x00007ffe9d7d2000 	C:\WINDOWS\SYSTEM32\DBGHELP.DLL
0x00007ffea0bc0000 - 0x00007ffea0f45000 	C:\WINDOWS\System32\combase.dll
0x00007ffea1720000 - 0x00007ffea17f9000 	C:\WINDOWS\System32\OLEAUT32.dll
0x00007ffe88c40000 - 0x00007ffe88c7b000 	C:\WINDOWS\SYSTEM32\dbgcore.DLL
0x00007ffea0a70000 - 0x00007ffea0b1c000 	C:\WINDOWS\System32\bcryptPrimitives.dll
0x00007ffe7d6c0000 - 0x00007ffe7d6d0000 	C:\Users\canay\.jdks\ms-25.0.4\bin\instrument.dll
0x00007ffe7d9c0000 - 0x00007ffe7d9df000 	C:\Users\canay\.jdks\ms-25.0.4\bin\java.dll
0x00007ffea2580000 - 0x00007ffea2719000 	C:\WINDOWS\System32\ole32.dll
0x00007ffea1860000 - 0x00007ffea1fe8000 	C:\WINDOWS\System32\SHELL32.dll
0x00007ffe9daa0000 - 0x00007ffe9e33b000 	C:\WINDOWS\SYSTEM32\windows.storage.dll
0x00007ffea2bf0000 - 0x00007ffea2ce9000 	C:\WINDOWS\System32\SHCORE.dll
0x00007ffea2ac0000 - 0x00007ffea2b26000 	C:\WINDOWS\System32\shlwapi.dll
0x00007ffe9ff30000 - 0x00007ffe9ff59000 	C:\WINDOWS\SYSTEM32\profapi.dll
0x00007ffe7cfd0000 - 0x00007ffe7cfe2000 	C:\Users\canay\.jdks\ms-25.0.4\bin\net.dll
0x00007ffe9f3d0000 - 0x00007ffe9f43c000 	C:\WINDOWS\system32\mswsock.dll
0x00007ffe7cfb0000 - 0x00007ffe7cfc6000 	C:\Users\canay\.jdks\ms-25.0.4\bin\nio.dll
0x00007ffe7cf90000 - 0x00007ffe7cfa6000 	C:\Users\canay\.jdks\ms-25.0.4\bin\zip.dll
0x00007ffe7d6b0000 - 0x00007ffe7d6c0000 	C:\Users\canay\.jdks\ms-25.0.4\bin\verify.dll
0x00007ffe9e7a0000 - 0x00007ffe9e8f8000 	C:\WINDOWS\SYSTEM32\DNSAPI.dll
0x00007ffe9f1d0000 - 0x00007ffe9f1dd000 	C:\WINDOWS\SYSTEM32\DSPARSE.dll
0x00007ffe9e700000 - 0x00007ffe9e733000 	C:\WINDOWS\SYSTEM32\IPHLPAPI.DLL
0x00007ffea2000000 - 0x00007ffea200a000 	C:\WINDOWS\System32\NSI.dll
0x00007ffe95ac0000 - 0x00007ffe95acb000 	C:\Windows\System32\rasadhlp.dll
0x00007ffe985c0000 - 0x00007ffe98646000 	C:\WINDOWS\System32\fwpuclnt.dll
0x00007ffe7cf80000 - 0x00007ffe7cf8a000 	C:\Users\canay\.jdks\ms-25.0.4\bin\management.dll
0x00007ffe7cf70000 - 0x00007ffe7cf7c000 	C:\Users\canay\.jdks\ms-25.0.4\bin\management_ext.dll
0x00007ffea1850000 - 0x00007ffea1858000 	C:\WINDOWS\System32\PSAPI.DLL
0x00007ffe74b00000 - 0x00007ffe74b86000 	C:\Users\canay\AppData\Local\Temp\lwjgl_canay\3.4.2+13\x64\lwjgl.dll
0x00007ffe38290000 - 0x00007ffe3831a000 	C:\Users\canay\AppData\Local\Temp\lwjgl_canay\3.4.2+13\x64\glfw.dll
0x00007ffe9f6e0000 - 0x00007ffe9f6fb000 	C:\WINDOWS\SYSTEM32\CRYPTSP.dll
0x00007ffe9ed50000 - 0x00007ffe9ed89000 	C:\WINDOWS\system32\rsaenh.dll
0x00007ffe9f480000 - 0x00007ffe9f4b2000 	C:\WINDOWS\SYSTEM32\USERENV.dll
0x00007ffe9ff00000 - 0x00007ffe9ff2a000 	C:\WINDOWS\SYSTEM32\bcrypt.dll
0x00007ffe9f6c0000 - 0x00007ffe9f6cc000 	C:\WINDOWS\SYSTEM32\CRYPTBASE.dll
0x00007ffe547a0000 - 0x00007ffe547b8000 	C:\WINDOWS\system32\napinsp.dll
0x00007ffe54780000 - 0x00007ffe54793000 	C:\WINDOWS\System32\winrnr.dll
0x00007ffe54530000 - 0x00007ffe54552000 	C:\WINDOWS\system32\nlansp_c.dll
0x00007ffe946c0000 - 0x00007ffe946d6000 	C:\WINDOWS\system32\wshbth.dll
0x00007ffe986d0000 - 0x00007ffe98728000 	C:\WINDOWS\SYSTEM32\pdh.dll
0x00007ffe11780000 - 0x00007ffe117cb000 	C:\WINDOWS\SYSTEM32\dinput8.dll
0x00007ffe117d0000 - 0x00007ffe117eb000 	C:\WINDOWS\SYSTEM32\xinput1_4.dll
0x00007ffe9fc50000 - 0x00007ffe9fca2000 	C:\WINDOWS\SYSTEM32\cfgmgr32.dll
0x00007ffe9fcd0000 - 0x00007ffe9fcff000 	C:\WINDOWS\SYSTEM32\DEVOBJ.dll
0x00007ffe9a580000 - 0x00007ffe9a5af000 	C:\WINDOWS\SYSTEM32\dwmapi.dll
0x00007ffe7c130000 - 0x00007ffe7c313000 	C:\WINDOWS\SYSTEM32\inputhost.dll
0x00007ffe982d0000 - 0x00007ffe983fb000 	C:\WINDOWS\SYSTEM32\CoreMessaging.dll
0x00007ffe9a280000 - 0x00007ffe9a328000 	C:\WINDOWS\system32\uxtheme.dll
0x00007ffea15b0000 - 0x00007ffea170d000 	C:\WINDOWS\System32\MSCTF.dll
0x00007ffe7baf0000 - 0x00007ffe7bbfc000 	C:\WINDOWS\SYSTEM32\opengl32.dll
0x00007ffe86960000 - 0x00007ffe8698d000 	C:\WINDOWS\SYSTEM32\GLU32.dll
0x00007ffe9cd60000 - 0x00007ffe9cda5000 	C:\WINDOWS\SYSTEM32\dxcore.dll
0x00007ffe93e50000 - 0x00007ffe93eaf000 	C:\WINDOWS\SYSTEM32\directxdatabasehelper.dll
0x00007ffe881d0000 - 0x00007ffe881ef000 	C:\WINDOWS\SYSTEM32\windows.staterepositorycore.dll
0x00007ffdf80a0000 - 0x00007ffdf9325000 	C:\WINDOWS\System32\DriverStore\FileRepository\iigd_dch.inf_amd64_f63934308f6cc308\igxelpicd64.dll
0x00007ffe9a420000 - 0x00007ffe9a55a000 	C:\WINDOWS\system32\dxgi.dll
0x00007ffe349a0000 - 0x00007ffe34cf4000 	C:\WINDOWS\System32\DriverStore\FileRepository\iigd_dch.inf_amd64_f63934308f6cc308\igdml64.dll
0x00007ffe83b70000 - 0x00007ffe83fae000 	C:\WINDOWS\System32\DriverStore\FileRepository\iigd_dch.inf_amd64_f63934308f6cc308\igdgmm64.dll
0x00007ffe7f0f0000 - 0x00007ffe83132000 	C:\WINDOWS\System32\DriverStore\FileRepository\iigd_dch.inf_amd64_f63934308f6cc308\igc64.dll
0x00007ffe65bb0000 - 0x00007ffe65c0e000 	C:\Users\canay\AppData\Local\Temp\lwjgl_canay\3.4.2+13\x64\lwjgl_opengl.dll
0x00007ffe98790000 - 0x00007ffe987a2000 	C:\WINDOWS\System32\perfproc.dll
0x00007ffe756e0000 - 0x00007ffe75826000 	C:\WINDOWS\SYSTEM32\textinputframework.dll
0x00007ffe877a0000 - 0x00007ffe87a84000 	C:\WINDOWS\SYSTEM32\CoreUIComponents.dll
0x00007ffe98d50000 - 0x00007ffe98eba000 	C:\WINDOWS\SYSTEM32\wintypes.dll
0x00007ffe7e200000 - 0x00007ffe7e211000 	C:\WINDOWS\System32\perfos.dll
0x00007ffe9e360000 - 0x00007ffe9e372000 	C:\WINDOWS\SYSTEM32\pfclient.dll
0x00007ffdf78a0000 - 0x00007ffdf8094000 	C:\Users\canay\AppData\Local\Temp\imgui-java-natives\1.89.0\imgui-java64.dll
0x00007ffe37860000 - 0x00007ffe379e3000 	C:\Users\canay\AppData\Local\Temp\lwjgl_canay\3.4.2+13\x64\draco.dll
0x00007ffdfe140000 - 0x00007ffdfe74d000 	C:\Users\canay\AppData\Local\Temp\lwjgl_canay\3.4.2+13\x64\assimp.dll
0x00007ffe381f0000 - 0x00007ffe3828a000 	C:\Users\canay\AppData\Local\Temp\lwjgl_canay\3.4.2+13\x64\lwjgl_stb.dll

JVMTI agents:
C:\Program Files\JetBrains\IntelliJ IDEA 2026.2.0.1\lib\idea_rt.jar path:C:\Users\canay\.jdks\ms-25.0.4\bin\instrument.dll, loaded, initialized, instrumentlib options:59700

dbghelp: loaded successfully - version: 4.0.5 - missing functions: none
symbol engine: initialized successfully - sym options: 0x614 - pdb path: .;C:\Users\canay\.jdks\ms-25.0.4\bin;C:\WINDOWS\SYSTEM32;C:\WINDOWS\WinSxS\amd64_microsoft.windows.common-controls_6595b64144ccf1df_6.0.26100.8972_none_3e0da176e32f9d4b;C:\Users\canay\.jdks\ms-25.0.4\bin\server;C:\Users\canay\AppData\Local\Temp\lwjgl_canay\3.4.2+13\x64;C:\WINDOWS\System32\DriverStore\FileRepository\iigd_dch.inf_amd64_f63934308f6cc308;C:\Users\canay\AppData\Local\Temp\imgui-java-natives\1.89.0

VM Arguments:
jvm_args: --enable-native-access=org.lwjgl,org.lwjgl.opengl,org.lwjgl.stb -Dorg.lwjgl.system.allocator=system -Xcheck:jni -javaagent:C:\Program Files\JetBrains\IntelliJ IDEA 2026.2.0.1\lib\idea_rt.jar=59700 -Dfile.encoding=UTF-8 -Dsun.stdout.encoding=UTF-8 -Dsun.stderr.encoding=UTF-8 --module-path=C:\Users\canay\.m2\repository\org\projectlombok\lombok\1.18.46\lombok-1.18.46.jar;C:\Users\canay\.m2\repository\org\lwjgl\lwjgl-opengl\3.4.2\lwjgl-opengl-3.4.2.jar;C:\Users\canay\.m2\repository\org\joml\joml\1.10.9\joml-1.10.9.jar;C:\Users\canay\Documents\Java\LWJGLEngine\engine-editor\target\classes;C:\Users\canay\.m2\repository\org\lwjgl\lwjgl-assimp\3.4.2\lwjgl-assimp-3.4.2.jar;C:\Users\canay\.m2\repository\org\lwjgl\lwjgl\3.4.2\lwjgl-3.4.2.jar;C:\Users\canay\.m2\repository\io\github\spair\imgui-java-binding\1.89.0\imgui-java-binding-1.89.0.jar;C:\Users\canay\.m2\repository\org\lwjgl\lwjgl-stb\3.4.2\lwjgl-stb-3.4.2.jar;C:\Users\canay\.m2\repository\org\lwjgl\lwjgl-glfw\3.4.2\lwjgl-glfw-3.4.2.jar;C:\Users\canay\Documents\Java\LWJGLEngine\engine-core\target\classes;C:\Users\canay\.m2\repository\io\github\spair\imgui-java-lwjgl3\1.89.0\imgui-java-lwjgl3-1.89.0.jar -Djdk.module.main=engine.editor 
java_command: engine.editor/editor.Editor
java_class_path (initial): C:\Users\canay\Documents\Java\LWJGLEngine\engine-api\target\classes;C:\Users\canay\.m2\repository\org\lwjgl\lwjgl-openal\3.4.2\lwjgl-openal-3.4.2.jar;C:\Users\canay\.m2\repository\org\lwjgl\lwjgl\3.4.2\lwjgl-3.4.2-natives-windows.jar;C:\Users\canay\.m2\repository\org\lwjgl\lwjgl-assimp\3.4.2\lwjgl-assimp-3.4.2-natives-windows.jar;C:\Users\canay\.m2\repository\org\lwjgl\lwjgl-glfw\3.4.2\lwjgl-glfw-3.4.2-natives-windows.jar;C:\Users\canay\.m2\repository\org\lwjgl\lwjgl-openal\3.4.2\lwjgl-openal-3.4.2-natives-windows.jar;C:\Users\canay\.m2\repository\org\lwjgl\lwjgl-opengl\3.4.2\lwjgl-opengl-3.4.2-natives-windows.jar;C:\Users\canay\.m2\repository\org\lwjgl\lwjgl-stb\3.4.2\lwjgl-stb-3.4.2-natives-windows.jar;C:\Users\canay\.m2\repository\io\github\spair\imgui-java-natives-windows\1.89.0\imgui-java-natives-windows-1.89.0.jar
Launcher Type: SUN_STANDARD

[Global flags]
     intx CICompilerCount                          = 12                                        {product} {ergonomic}
     uint ConcGCThreads                            = 3                                         {product} {ergonomic}
     uint G1ConcRefinementThreads                  = 13                                        {product} {ergonomic}
   size_t G1HeapRegionSize                         = 2097152                                   {product} {ergonomic}
   size_t InitialHeapSize                          = 264241152                                 {product} {ergonomic}
   size_t MarkStackSize                            = 4194304                                   {product} {ergonomic}
   size_t MarkStackSizeMax                         = 536870912                                 {product} {ergonomic}
   size_t MaxHeapSize                              = 4223664128                                {product} {ergonomic}
   size_t MaxNewSize                               = 2533359616                                {product} {ergonomic}
   size_t MinHeapDeltaBytes                        = 2097152                                   {product} {ergonomic}
   size_t MinHeapSize                              = 8388608                                   {product} {ergonomic}
    uintx NonNMethodCodeHeapSize                   = 7667712                                {pd product} {ergonomic}
    uintx NonProfiledCodeHeapSize                  = 122028032                              {pd product} {ergonomic}
    uintx ProfiledCodeHeapSize                     = 122028032                              {pd product} {ergonomic}
    uintx ReservedCodeCacheSize                    = 251723776                              {pd product} {ergonomic}
     bool SegmentedCodeCache                       = true                                      {product} {ergonomic}
   size_t SoftMaxHeapSize                          = 4223664128                             {manageable} {ergonomic}
     bool UseCompressedOops                        = true                           {product lp64_product} {ergonomic}
     bool UseG1GC                                  = true                                      {product} {ergonomic}
     bool UseLargePagesIndividualAllocation        = false                                  {pd product} {ergonomic}

Logging:
Log output configuration:
 #0: stdout all=warning uptime,level,tags foldmultilines=false
 #1: stderr all=off uptime,level,tags foldmultilines=false

Release file:
IMPLEMENTOR="Microsoft" 
IMPLEMENTOR_VERSION="Microsoft-14670760" 
JAVA_RUNTIME_VERSION="25.0.4+7-LTS" 
JAVA_VERSION="25.0.4" 
JAVA_VERSION_DATE="2026-07-21" 
LIBC="default" 
MODULES="java.base java.compiler java.datatransfer java.xml java.prefs java.desktop java.instrument java.logging java.management java.security.sasl java.naming java.rmi java.management.rmi java.net.http java.scripting java.security.jgss java.transaction.xa java.sql java.sql.rowset java.xml.crypto java.se java.smartcardio jdk.accessibility jdk.internal.jvmstat jdk.attach jdk.charsets jdk.internal.opt jdk.zipfs jdk.compiler jdk.crypto.cryptoki jdk.crypto.ec jdk.crypto.mscapi jdk.dynalink jdk.internal.ed jdk.editpad jdk.internal.vm.ci jdk.graal.compiler jdk.graal.compiler.management jdk.hotspot.agent jdk.httpserver jdk.incubator.vector jdk.internal.le jdk.internal.md jdk.jartool jdk.javadoc jdk.jcmd jdk.management jdk.management.agent jdk.jconsole jdk.jdeps jdk.jdwp.agent jdk.jdi jdk.jfr jdk.jlink jdk.jpackage jdk.jshell jdk.jsobject jdk.jstatd jdk.localedata jdk.management.jfr jdk.naming.dns jdk.naming.rmi jdk.net jdk.nio.mapmode jdk.sctp jdk.security.auth jdk.security.jgss jdk.unsupported jdk.unsupported.desktop jdk.xml.dom" 
OS_ARCH="x86_64" 
OS_NAME="Windows" 
SOURCE=".:git:02f2f8ab961b" 

Environment Variables:
PATH=C:\WINDOWS\system32;C:\WINDOWS;C:\WINDOWS\System32\Wbem;C:\WINDOWS\System32\WindowsPowerShell\v1.0\;C:\WINDOWS\System32\OpenSSH\;C:\Program Files (x86)\NVIDIA Corporation\PhysX\Common;C:\Users\canay\AppData\Local\Microsoft\WindowsApps;C:\Program Files\JetBrains\IntelliJ IDEA 2026.2.0.1\bin
USERNAME=canay
OS=Windows_NT
PROCESSOR_IDENTIFIER=Intel64 Family 6 Model 141 Stepping 1, GenuineIntel
TMP=C:\Users\canay\AppData\Local\Temp
TEMP=C:\Users\canay\AppData\Local\Temp




Compilation memory statistics disabled.

Periodic native trim disabled

---------------  S Y S T E M  ---------------

OS:
 Windows 11 , 64 bit Build 26100 (10.0.26100.9168)
OS uptime: 8 days 12:15 hours
Hyper-V role detected

CPU: total 16 (initial active 16) (8 cores per cpu, 2 threads per core) family 6 model 141 stepping 1 microcode 0x34, cx8, cmov, fxsr, ht, mmx, 3dnowpref, sse, sse2, sse3, ssse3, sse4.1, sse4.2, popcnt, lzcnt, tsc, tscinvbit, avx, avx2, aes, erms, clmul, bmi1, bmi2, adx, avx512f, avx512dq, avx512cd, avx512bw, avx512vl, sha, fma, vzeroupper, avx512_vpopcntdq, avx512_vpclmulqdq, avx512_vaes, avx512_vnni, clflush, clflushopt, clwb, avx512_vbmi2, avx512_vbmi, hv, rdtscp, rdpid, fsrm, gfni, avx512_bitalg, f16c, cet_ibt, cet_ss, avx512_ifma
Processor Information for the first 16 processors :
  Max Mhz: 2304, Current Mhz: 2304, Mhz Limit: 2304

Memory: 4k page, system-wide physical 16106M (2292M free)
TotalPageFile size 24810M (AvailPageFile size 7932M)
current process WorkingSet (physical memory assigned to process): 933M, peak: 933M
current process commit charge ("private bytes"): 1147M, peak: 1152M

vm_info: OpenJDK 64-Bit Server VM (25.0.4+7-LTS) for windows-amd64 JRE (25.0.4+7-LTS), built on 2026-07-15T23:16:56Z with MS VC++ 17.14 (VS2022)

END.
